[2020-01-10T01:17:21.059+0000][gc,heap] Heap region size: 1M
[2020-01-10T01:17:21.069+0000][gc     ] Using G1
[2020-01-10T01:17:21.069+0000][gc,heap,coops] Heap address: 0x00000000c0000000, size: 1024 MB, Compressed Oops mode: 32-bit
[2020-01-10T01:17:21.069+0000][gc,cds       ] Mark closed archive regions in map: [0x00000000fff00000, 0x00000000fff79ff8]
[2020-01-10T01:17:21.070+0000][gc,cds       ] Mark open archive regions in map: [0x00000000ffe00000, 0x00000000ffe47ff8]
[2020-01-10T01:17:21.080+0000][gc           ] Periodic GC disabled
[2020-01-10T01:17:22.858+0000][gc,start     ] GC(0) Pause Young (Normal) (G1 Evacuation Pause)
[2020-01-10T01:17:22.858+0000][gc,task      ] GC(0) Using 1 workers of 1 for evacuation
[2020-01-10T01:17:22.878+0000][gc,mmu       ] GC(0) MMU target violated: 20.2ms (20.0ms/21.0ms)
[2020-01-10T01:17:22.879+0000][gc,phases    ] GC(0)   Pre Evacuate Collection Set: 0.1ms
[2020-01-10T01:17:22.879+0000][gc,phases    ] GC(0)   Evacuate Collection Set: 19.4ms
[2020-01-10T01:17:22.879+0000][gc,phases    ] GC(0)   Post Evacuate Collection Set: 0.6ms
[2020-01-10T01:17:22.879+0000][gc,phases    ] GC(0)   Other: 0.3ms
[2020-01-10T01:17:22.879+0000][gc,heap      ] GC(0) Eden regions: 51->0(44)
[2020-01-10T01:17:22.879+0000][gc,heap      ] GC(0) Survivor regions: 0->7(7)
[2020-01-10T01:17:22.879+0000][gc,heap      ] GC(0) Old regions: 0->0
[2020-01-10T01:17:22.879+0000][gc,heap      ] GC(0) Archive regions: 2->2
[2020-01-10T01:17:22.879+0000][gc,heap      ] GC(0) Humongous regions: 1->1
[2020-01-10T01:17:22.879+0000][gc,metaspace ] GC(0) Metaspace: 14198K->14198K(1062912K)
[2020-01-10T01:17:22.879+0000][gc           ] GC(0) Pause Young (Normal) (G1 Evacuation Pause) 52M->8M(1024M) 20.399ms
[2020-01-10T01:17:22.879+0000][gc,cpu       ] GC(0) User=0.02s Sys=0.00s Real=0.02s
[2020-01-10T01:17:23.502+0000][gc,start     ] GC(1) Pause Young (Concurrent Start) (Metadata GC Threshold)
[2020-01-10T01:17:23.502+0000][gc,task      ] GC(1) Using 1 workers of 1 for evacuation
[2020-01-10T01:17:23.533+0000][gc,mmu       ] GC(1) MMU target violated: 21.0ms (20.0ms/21.0ms)
[2020-01-10T01:17:23.533+0000][gc,phases    ] GC(1)   Pre Evacuate Collection Set: 0.1ms
[2020-01-10T01:17:23.533+0000][gc,phases    ] GC(1)   Evacuate Collection Set: 29.5ms
[2020-01-10T01:17:23.533+0000][gc,phases    ] GC(1)   Post Evacuate Collection Set: 0.6ms
[2020-01-10T01:17:23.533+0000][gc,phases    ] GC(1)   Other: 0.3ms
[2020-01-10T01:17:23.533+0000][gc,heap      ] GC(1) Eden regions: 29->0(49)
[2020-01-10T01:17:23.533+0000][gc,heap      ] GC(1) Survivor regions: 7->2(7)
[2020-01-10T01:17:23.533+0000][gc,heap      ] GC(1) Old regions: 0->6
[2020-01-10T01:17:23.533+0000][gc,heap      ] GC(1) Archive regions: 2->2
[2020-01-10T01:17:23.533+0000][gc,heap      ] GC(1) Humongous regions: 130->130
[2020-01-10T01:17:23.533+0000][gc,metaspace ] GC(1) Metaspace: 20521K->20521K(1067008K)
[2020-01-10T01:17:23.533+0000][gc           ] GC(1) Pause Young (Concurrent Start) (Metadata GC Threshold) 166M->138M(1024M) 30.647ms
[2020-01-10T01:17:23.533+0000][gc,cpu       ] GC(1) User=0.03s Sys=0.00s Real=0.03s
[2020-01-10T01:17:23.533+0000][gc           ] GC(2) Concurrent Cycle
[2020-01-10T01:17:23.533+0000][gc,marking   ] GC(2) Concurrent Clear Claimed Marks
[2020-01-10T01:17:23.533+0000][gc,marking   ] GC(2) Concurrent Clear Claimed Marks 0.046ms
[2020-01-10T01:17:23.533+0000][gc,marking   ] GC(2) Concurrent Scan Root Regions
[2020-01-10T01:17:23.544+0000][gc,marking   ] GC(2) Concurrent Scan Root Regions 10.300ms
[2020-01-10T01:17:23.544+0000][gc,marking   ] GC(2) Concurrent Mark (2.489s)
[2020-01-10T01:17:23.544+0000][gc,marking   ] GC(2) Concurrent Mark From Roots
[2020-01-10T01:17:23.544+0000][gc,task      ] GC(2) Using 1 workers of 1 for marking
[2020-01-10T01:17:23.557+0000][gc,marking   ] GC(2) Concurrent Mark From Roots 12.900ms
[2020-01-10T01:17:23.557+0000][gc,marking   ] GC(2) Concurrent Preclean
[2020-01-10T01:17:23.557+0000][gc,marking   ] GC(2) Concurrent Preclean 0.023ms
[2020-01-10T01:17:23.557+0000][gc,marking   ] GC(2) Concurrent Mark (2.489s, 2.501s) 12.977ms
[2020-01-10T01:17:23.569+0000][gc,start     ] GC(2) Pause Remark
[2020-01-10T01:17:23.571+0000][gc           ] GC(2) Pause Remark 139M->139M(1024M) 2.187ms
[2020-01-10T01:17:23.571+0000][gc,cpu       ] GC(2) User=0.00s Sys=0.00s Real=0.01s
[2020-01-10T01:17:23.571+0000][gc,marking   ] GC(2) Concurrent Rebuild Remembered Sets
[2020-01-10T01:17:23.577+0000][gc,marking   ] GC(2) Concurrent Rebuild Remembered Sets 5.926ms
[2020-01-10T01:17:23.577+0000][gc,start     ] GC(2) Pause Cleanup
[2020-01-10T01:17:23.577+0000][gc           ] GC(2) Pause Cleanup 139M->139M(1024M) 0.141ms
[2020-01-10T01:17:23.577+0000][gc,cpu       ] GC(2) User=0.00s Sys=0.00s Real=0.00s
[2020-01-10T01:17:23.577+0000][gc,marking   ] GC(2) Concurrent Cleanup for Next Mark
[2020-01-10T01:17:23.608+0000][gc,marking   ] GC(2) Concurrent Cleanup for Next Mark 30.695ms
[2020-01-10T01:17:23.608+0000][gc           ] GC(2) Concurrent Cycle 75.005ms
[2020-01-10T01:19:29.830+0000][gc,start     ] GC(3) Pause Young (Concurrent Start) (G1 Evacuation Pause)
[2020-01-10T01:19:29.830+0000][gc,task      ] GC(3) Using 1 workers of 1 for evacuation
[2020-01-10T01:19:29.849+0000][gc,phases    ] GC(3)   Pre Evacuate Collection Set: 0.2ms
[2020-01-10T01:19:29.849+0000][gc,phases    ] GC(3)   Evacuate Collection Set: 18.0ms
[2020-01-10T01:19:29.849+0000][gc,phases    ] GC(3)   Post Evacuate Collection Set: 0.6ms
[2020-01-10T01:19:29.849+0000][gc,phases    ] GC(3)   Other: 0.7ms
[2020-01-10T01:19:29.849+0000][gc,heap      ] GC(3) Eden regions: 49->0(46)
[2020-01-10T01:19:29.849+0000][gc,heap      ] GC(3) Survivor regions: 2->5(7)
[2020-01-10T01:19:29.849+0000][gc,heap      ] GC(3) Old regions: 6->6
[2020-01-10T01:19:29.849+0000][gc,heap      ] GC(3) Archive regions: 2->2
[2020-01-10T01:19:29.849+0000][gc,heap      ] GC(3) Humongous regions: 130->130
[2020-01-10T01:19:29.849+0000][gc,metaspace ] GC(3) Metaspace: 28951K->28951K(1075200K)
[2020-01-10T01:19:29.849+0000][gc           ] GC(3) Pause Young (Concurrent Start) (G1 Evacuation Pause) 187M->141M(1024M) 19.491ms
[2020-01-10T01:19:29.849+0000][gc,cpu       ] GC(3) User=0.02s Sys=0.00s Real=0.01s
[2020-01-10T01:19:29.849+0000][gc           ] GC(4) Concurrent Cycle
[2020-01-10T01:19:29.849+0000][gc,marking   ] GC(4) Concurrent Clear Claimed Marks
[2020-01-10T01:19:29.849+0000][gc,marking   ] GC(4) Concurrent Clear Claimed Marks 0.040ms
[2020-01-10T01:19:29.849+0000][gc,marking   ] GC(4) Concurrent Scan Root Regions
[2020-01-10T01:19:29.866+0000][gc,marking   ] GC(4) Concurrent Scan Root Regions 16.173ms
[2020-01-10T01:19:29.866+0000][gc,marking   ] GC(4) Concurrent Mark (128.810s)
[2020-01-10T01:19:29.866+0000][gc,marking   ] GC(4) Concurrent Mark From Roots
[2020-01-10T01:19:29.866+0000][gc,task      ] GC(4) Using 1 workers of 1 for marking
[2020-01-10T01:19:29.883+0000][gc,marking   ] GC(4) Concurrent Mark From Roots 17.419ms
[2020-01-10T01:19:29.883+0000][gc,marking   ] GC(4) Concurrent Preclean
[2020-01-10T01:19:29.883+0000][gc,marking   ] GC(4) Concurrent Preclean 0.059ms
[2020-01-10T01:19:29.883+0000][gc,marking   ] GC(4) Concurrent Mark (128.810s, 128.828s) 17.536ms
[2020-01-10T01:19:29.884+0000][gc,start     ] GC(4) Pause Remark
[2020-01-10T01:19:29.888+0000][gc           ] GC(4) Pause Remark 142M->142M(1024M) 4.234ms
[2020-01-10T01:19:29.888+0000][gc,cpu       ] GC(4) User=0.00s Sys=0.00s Real=0.00s
[2020-01-10T01:19:29.888+0000][gc,marking   ] GC(4) Concurrent Rebuild Remembered Sets
[2020-01-10T01:19:29.911+0000][gc,marking   ] GC(4) Concurrent Rebuild Remembered Sets 23.120ms
[2020-01-10T01:19:29.911+0000][gc,start     ] GC(4) Pause Cleanup
[2020-01-10T01:19:29.911+0000][gc           ] GC(4) Pause Cleanup 142M->142M(1024M) 0.137ms
[2020-01-10T01:19:29.911+0000][gc,cpu       ] GC(4) User=0.00s Sys=0.00s Real=0.00s
[2020-01-10T01:19:29.911+0000][gc,marking   ] GC(4) Concurrent Cleanup for Next Mark
[2020-01-10T01:19:29.956+0000][gc,marking   ] GC(4) Concurrent Cleanup for Next Mark 44.636ms
[2020-01-10T01:19:29.956+0000][gc           ] GC(4) Concurrent Cycle 106.849ms
[2020-01-10T01:42:51.237+0000][gc,start     ] GC(5) Pause Young (Normal) (G1 Evacuation Pause)
[2020-01-10T01:42:51.237+0000][gc,task      ] GC(5) Using 1 workers of 1 for evacuation
[2020-01-10T01:42:51.268+0000][gc,mmu       ] GC(5) MMU target violated: 21.0ms (20.0ms/21.0ms)
[2020-01-10T01:42:51.268+0000][gc,phases    ] GC(5)   Pre Evacuate Collection Set: 0.2ms
[2020-01-10T01:42:51.268+0000][gc,phases    ] GC(5)   Evacuate Collection Set: 28.1ms
[2020-01-10T01:42:51.268+0000][gc,phases    ] GC(5)   Post Evacuate Collection Set: 0.7ms
[2020-01-10T01:42:51.268+0000][gc,phases    ] GC(5)   Other: 1.3ms
[2020-01-10T01:42:51.268+0000][gc,heap      ] GC(5) Eden regions: 46->0(49)
[2020-01-10T01:42:51.268+0000][gc,heap      ] GC(5) Survivor regions: 5->2(7)
[2020-01-10T01:42:51.268+0000][gc,heap      ] GC(5) Old regions: 6->11
[2020-01-10T01:42:51.268+0000][gc,heap      ] GC(5) Archive regions: 2->2
[2020-01-10T01:42:51.268+0000][gc,heap      ] GC(5) Humongous regions: 130->130
[2020-01-10T01:42:51.268+0000][gc,metaspace ] GC(5) Metaspace: 31544K->31544K(1077248K)
[2020-01-10T01:42:51.268+0000][gc           ] GC(5) Pause Young (Normal) (G1 Evacuation Pause) 187M->142M(1024M) 30.307ms
[2020-01-10T01:42:51.268+0000][gc,cpu       ] GC(5) User=0.03s Sys=0.01s Real=0.03s
[2020-01-10T01:52:19.898+0000][gc,start     ] GC(6) Pause Young (Normal) (G1 Evacuation Pause)
[2020-01-10T01:52:19.898+0000][gc,task      ] GC(6) Using 1 workers of 1 for evacuation
[2020-01-10T01:52:19.909+0000][gc,phases    ] GC(6)   Pre Evacuate Collection Set: 0.1ms
[2020-01-10T01:52:19.909+0000][gc,phases    ] GC(6)   Evacuate Collection Set: 10.1ms
[2020-01-10T01:52:19.909+0000][gc,phases    ] GC(6)   Post Evacuate Collection Set: 0.5ms
[2020-01-10T01:52:19.909+0000][gc,phases    ] GC(6)   Other: 0.5ms
[2020-01-10T01:52:19.909+0000][gc,heap      ] GC(6) Eden regions: 49->0(49)
[2020-01-10T01:52:19.909+0000][gc,heap      ] GC(6) Survivor regions: 2->2(7)
[2020-01-10T01:52:19.909+0000][gc,heap      ] GC(6) Old regions: 11->11
[2020-01-10T01:52:19.909+0000][gc,heap      ] GC(6) Archive regions: 2->2
[2020-01-10T01:52:19.909+0000][gc,heap      ] GC(6) Humongous regions: 130->130
[2020-01-10T01:52:19.909+0000][gc,metaspace ] GC(6) Metaspace: 34025K->34025K(1079296K)
[2020-01-10T01:52:19.910+0000][gc           ] GC(6) Pause Young (Normal) (G1 Evacuation Pause) 191M->143M(1024M) 11.336ms
[2020-01-10T01:52:19.910+0000][gc,cpu       ] GC(6) User=0.01s Sys=0.00s Real=0.02s
[2020-01-10T02:09:19.991+0000][gc,start     ] GC(7) Pause Young (Normal) (G1 Evacuation Pause)
[2020-01-10T02:09:19.991+0000][gc,task      ] GC(7) Using 1 workers of 1 for evacuation
[2020-01-10T02:09:20.000+0000][gc,phases    ] GC(7)   Pre Evacuate Collection Set: 0.1ms
[2020-01-10T02:09:20.001+0000][gc,phases    ] GC(7)   Evacuate Collection Set: 7.7ms
[2020-01-10T02:09:20.001+0000][gc,phases    ] GC(7)   Post Evacuate Collection Set: 0.5ms
[2020-01-10T02:09:20.001+0000][gc,phases    ] GC(7)   Other: 0.4ms
[2020-01-10T02:09:20.001+0000][gc,heap      ] GC(7) Eden regions: 49->0(49)
[2020-01-10T02:09:20.001+0000][gc,heap      ] GC(7) Survivor regions: 2->2(7)
[2020-01-10T02:09:20.001+0000][gc,heap      ] GC(7) Old regions: 11->11
[2020-01-10T02:09:20.001+0000][gc,heap      ] GC(7) Archive regions: 2->2
[2020-01-10T02:09:20.001+0000][gc,heap      ] GC(7) Humongous regions: 130->130
[2020-01-10T02:09:20.001+0000][gc,metaspace ] GC(7) Metaspace: 34269K->34269K(1079296K)
[2020-01-10T02:09:20.001+0000][gc           ] GC(7) Pause Young (Normal) (G1 Evacuation Pause) 192M->143M(1024M) 10.250ms
[2020-01-10T02:09:20.001+0000][gc,cpu       ] GC(7) User=0.01s Sys=0.00s Real=0.00s
[2020-01-10T02:26:45.571+0000][gc,start     ] GC(8) Pause Young (Normal) (G1 Evacuation Pause)
[2020-01-10T02:26:45.571+0000][gc,task      ] GC(8) Using 1 workers of 1 for evacuation
[2020-01-10T02:26:45.580+0000][gc,phases    ] GC(8)   Pre Evacuate Collection Set: 0.1ms
[2020-01-10T02:26:45.580+0000][gc,phases    ] GC(8)   Evacuate Collection Set: 7.6ms
[2020-01-10T02:26:45.580+0000][gc,phases    ] GC(8)   Post Evacuate Collection Set: 0.5ms
[2020-01-10T02:26:45.580+0000][gc,phases    ] GC(8)   Other: 0.4ms
[2020-01-10T02:26:45.580+0000][gc,heap      ] GC(8) Eden regions: 49->0(49)
[2020-01-10T02:26:45.580+0000][gc,heap      ] GC(8) Survivor regions: 2->2(7)
[2020-01-10T02:26:45.580+0000][gc,heap      ] GC(8) Old regions: 11->11
[2020-01-10T02:26:45.580+0000][gc,heap      ] GC(8) Archive regions: 2->2
[2020-01-10T02:26:45.580+0000][gc,heap      ] GC(8) Humongous regions: 130->130
[2020-01-10T02:26:45.580+0000][gc,metaspace ] GC(8) Metaspace: 34333K->34333K(1081344K)
[2020-01-10T02:26:45.580+0000][gc           ] GC(8) Pause Young (Normal) (G1 Evacuation Pause) 192M->143M(1024M) 8.798ms
[2020-01-10T02:26:45.580+0000][gc,cpu       ] GC(8) User=0.01s Sys=0.00s Real=0.00s
[2020-01-10T02:44:24.991+0000][gc,start     ] GC(9) Pause Young (Normal) (G1 Evacuation Pause)
[2020-01-10T02:44:24.991+0000][gc,task      ] GC(9) Using 1 workers of 1 for evacuation
[2020-01-10T02:44:25.000+0000][gc,phases    ] GC(9)   Pre Evacuate Collection Set: 0.1ms
[2020-01-10T02:44:25.001+0000][gc,phases    ] GC(9)   Evacuate Collection Set: 7.7ms
[2020-01-10T02:44:25.001+0000][gc,phases    ] GC(9)   Post Evacuate Collection Set: 0.5ms
[2020-01-10T02:44:25.001+0000][gc,phases    ] GC(9)   Other: 0.5ms
[2020-01-10T02:44:25.001+0000][gc,heap      ] GC(9) Eden regions: 49->0(49)
[2020-01-10T02:44:25.001+0000][gc,heap      ] GC(9) Survivor regions: 2->2(7)
[2020-01-10T02:44:25.001+0000][gc,heap      ] GC(9) Old regions: 11->11
[2020-01-10T02:44:25.001+0000][gc,heap      ] GC(9) Archive regions: 2->2
[2020-01-10T02:44:25.001+0000][gc,heap      ] GC(9) Humongous regions: 130->130
[2020-01-10T02:44:25.001+0000][gc,metaspace ] GC(9) Metaspace: 34366K->34366K(1081344K)
[2020-01-10T02:44:25.001+0000][gc           ] GC(9) Pause Young (Normal) (G1 Evacuation Pause) 192M->143M(1024M) 10.306ms
[2020-01-10T02:44:25.001+0000][gc,cpu       ] GC(9) User=0.01s Sys=0.00s Real=0.01s
[2020-01-10T03:02:14.991+0000][gc,start     ] GC(10) Pause Young (Normal) (G1 Evacuation Pause)
[2020-01-10T03:02:14.991+0000][gc,task      ] GC(10) Using 1 workers of 1 for evacuation
[2020-01-10T03:02:15.000+0000][gc,phases    ] GC(10)   Pre Evacuate Collection Set: 0.2ms
[2020-01-10T03:02:15.002+0000][gc,phases    ] GC(10)   Evacuate Collection Set: 8.3ms
[2020-01-10T03:02:15.002+0000][gc,phases    ] GC(10)   Post Evacuate Collection Set: 0.6ms
[2020-01-10T03:02:15.002+0000][gc,phases    ] GC(10)   Other: 0.5ms
[2020-01-10T03:02:15.002+0000][gc,heap      ] GC(10) Eden regions: 49->0(49)
[2020-01-10T03:02:15.002+0000][gc,heap      ] GC(10) Survivor regions: 2->2(7)
[2020-01-10T03:02:15.002+0000][gc,heap      ] GC(10) Old regions: 11->11
[2020-01-10T03:02:15.002+0000][gc,heap      ] GC(10) Archive regions: 2->2
[2020-01-10T03:02:15.002+0000][gc,heap      ] GC(10) Humongous regions: 130->130
[2020-01-10T03:02:15.002+0000][gc,metaspace ] GC(10) Metaspace: 34397K->34397K(1081344K)
[2020-01-10T03:02:15.002+0000][gc           ] GC(10) Pause Young (Normal) (G1 Evacuation Pause) 192M->143M(1024M) 10.906ms
[2020-01-10T03:02:15.002+0000][gc,cpu       ] GC(10) User=0.01s Sys=0.00s Real=0.01s
[2020-01-10T03:19:53.282+0000][gc,start     ] GC(11) Pause Young (Normal) (G1 Evacuation Pause)
[2020-01-10T03:19:53.282+0000][gc,task      ] GC(11) Using 1 workers of 1 for evacuation
[2020-01-10T03:19:53.296+0000][gc,phases    ] GC(11)   Pre Evacuate Collection Set: 0.2ms
[2020-01-10T03:19:53.296+0000][gc,phases    ] GC(11)   Evacuate Collection Set: 9.6ms
[2020-01-10T03:19:53.296+0000][gc,phases    ] GC(11)   Post Evacuate Collection Set: 3.6ms
[2020-01-10T03:19:53.296+0000][gc,phases    ] GC(11)   Other: 0.5ms
[2020-01-10T03:19:53.296+0000][gc,heap      ] GC(11) Eden regions: 49->0(49)
[2020-01-10T03:19:53.296+0000][gc,heap      ] GC(11) Survivor regions: 2->2(7)
[2020-01-10T03:19:53.296+0000][gc,heap      ] GC(11) Old regions: 11->11
[2020-01-10T03:19:53.296+0000][gc,heap      ] GC(11) Archive regions: 2->2
[2020-01-10T03:19:53.296+0000][gc,heap      ] GC(11) Humongous regions: 130->130
[2020-01-10T03:19:53.296+0000][gc,metaspace ] GC(11) Metaspace: 34422K->34422K(1081344K)
[2020-01-10T03:19:53.296+0000][gc           ] GC(11) Pause Young (Normal) (G1 Evacuation Pause) 192M->143M(1024M) 14.061ms
[2020-01-10T03:19:53.296+0000][gc,cpu       ] GC(11) User=0.01s Sys=0.00s Real=0.01s
[2020-01-10T03:37:34.991+0000][gc,start     ] GC(12) Pause Young (Normal) (G1 Evacuation Pause)
[2020-01-10T03:37:34.992+0000][gc,task      ] GC(12) Using 1 workers of 1 for evacuation
[2020-01-10T03:37:35.024+0000][gc,mmu       ] GC(12) MMU target violated: 21.0ms (20.0ms/21.0ms)
[2020-01-10T03:37:35.025+0000][gc,phases    ] GC(12)   Pre Evacuate Collection Set: 0.2ms
[2020-01-10T03:37:35.025+0000][gc,phases    ] GC(12)   Evacuate Collection Set: 24.3ms
[2020-01-10T03:37:35.025+0000][gc,phases    ] GC(12)   Post Evacuate Collection Set: 1.2ms
[2020-01-10T03:37:35.025+0000][gc,phases    ] GC(12)   Other: 7.8ms
[2020-01-10T03:37:35.025+0000][gc,heap      ] GC(12) Eden regions: 49->0(49)
[2020-01-10T03:37:35.025+0000][gc,heap      ] GC(12) Survivor regions: 2->2(7)
[2020-01-10T03:37:35.025+0000][gc,heap      ] GC(12) Old regions: 11->11
[2020-01-10T03:37:35.025+0000][gc,heap      ] GC(12) Archive regions: 2->2
[2020-01-10T03:37:35.025+0000][gc,heap      ] GC(12) Humongous regions: 130->130
[2020-01-10T03:37:35.025+0000][gc,metaspace ] GC(12) Metaspace: 34440K->34440K(1081344K)
[2020-01-10T03:37:35.025+0000][gc           ] GC(12) Pause Young (Normal) (G1 Evacuation Pause) 192M->143M(1024M) 33.616ms
[2020-01-10T03:37:35.025+0000][gc,cpu       ] GC(12) User=0.03s Sys=0.00s Real=0.03s
[2020-01-10T03:55:19.992+0000][gc,start     ] GC(13) Pause Young (Normal) (G1 Evacuation Pause)
[2020-01-10T03:55:19.992+0000][gc,task      ] GC(13) Using 1 workers of 1 for evacuation
[2020-01-10T03:55:20.008+0000][gc,phases    ] GC(13)   Pre Evacuate Collection Set: 0.2ms
[2020-01-10T03:55:20.010+0000][gc,phases    ] GC(13)   Evacuate Collection Set: 14.1ms
[2020-01-10T03:55:20.010+0000][gc,phases    ] GC(13)   Post Evacuate Collection Set: 1.1ms
[2020-01-10T03:55:20.010+0000][gc,phases    ] GC(13)   Other: 1.4ms
[2020-01-10T03:55:20.010+0000][gc,heap      ] GC(13) Eden regions: 49->0(49)
[2020-01-10T03:55:20.010+0000][gc,heap      ] GC(13) Survivor regions: 2->2(7)
[2020-01-10T03:55:20.010+0000][gc,heap      ] GC(13) Old regions: 11->11
[2020-01-10T03:55:20.010+0000][gc,heap      ] GC(13) Archive regions: 2->2
[2020-01-10T03:55:20.010+0000][gc,heap      ] GC(13) Humongous regions: 130->130
[2020-01-10T03:55:20.010+0000][gc,metaspace ] GC(13) Metaspace: 34453K->34453K(1081344K)
[2020-01-10T03:55:20.010+0000][gc           ] GC(13) Pause Young (Normal) (G1 Evacuation Pause) 192M->143M(1024M) 18.103ms
[2020-01-10T03:55:20.010+0000][gc,cpu       ] GC(13) User=0.02s Sys=0.00s Real=0.02s
[2020-01-10T04:12:54.991+0000][gc,start     ] GC(14) Pause Young (Normal) (G1 Evacuation Pause)
[2020-01-10T04:12:54.991+0000][gc,task      ] GC(14) Using 1 workers of 1 for evacuation
[2020-01-10T04:12:55.011+0000][gc,phases    ] GC(14)   Pre Evacuate Collection Set: 0.2ms
[2020-01-10T04:12:55.011+0000][gc,phases    ] GC(14)   Evacuate Collection Set: 15.8ms
[2020-01-10T04:12:55.011+0000][gc,phases    ] GC(14)   Post Evacuate Collection Set: 0.6ms
[2020-01-10T04:12:55.011+0000][gc,phases    ] GC(14)   Other: 3.2ms
[2020-01-10T04:12:55.011+0000][gc,heap      ] GC(14) Eden regions: 49->0(49)
[2020-01-10T04:12:55.011+0000][gc,heap      ] GC(14) Survivor regions: 2->2(7)
[2020-01-10T04:12:55.011+0000][gc,heap      ] GC(14) Old regions: 11->11
[2020-01-10T04:12:55.011+0000][gc,heap      ] GC(14) Archive regions: 2->2
[2020-01-10T04:12:55.011+0000][gc,heap      ] GC(14) Humongous regions: 130->130
[2020-01-10T04:12:55.011+0000][gc,metaspace ] GC(14) Metaspace: 34461K->34461K(1081344K)
[2020-01-10T04:12:55.011+0000][gc           ] GC(14) Pause Young (Normal) (G1 Evacuation Pause) 192M->143M(1024M) 19.872ms
[2020-01-10T04:12:55.011+0000][gc,cpu       ] GC(14) User=0.02s Sys=0.00s Real=0.02s
[2020-01-10T04:30:54.991+0000][gc,start     ] GC(15) Pause Young (Normal) (G1 Evacuation Pause)
[2020-01-10T04:30:54.991+0000][gc,task      ] GC(15) Using 1 workers of 1 for evacuation
[2020-01-10T04:30:55.006+0000][gc,phases    ] GC(15)   Pre Evacuate Collection Set: 0.2ms
[2020-01-10T04:30:55.006+0000][gc,phases    ] GC(15)   Evacuate Collection Set: 12.7ms
[2020-01-10T04:30:55.006+0000][gc,phases    ] GC(15)   Post Evacuate Collection Set: 0.9ms
[2020-01-10T04:30:55.006+0000][gc,phases    ] GC(15)   Other: 1.4ms
[2020-01-10T04:30:55.006+0000][gc,heap      ] GC(15) Eden regions: 49->0(49)
[2020-01-10T04:30:55.006+0000][gc,heap      ] GC(15) Survivor regions: 2->2(7)
[2020-01-10T04:30:55.006+0000][gc,heap      ] GC(15) Old regions: 11->11
[2020-01-10T04:30:55.006+0000][gc,heap      ] GC(15) Archive regions: 2->2
[2020-01-10T04:30:55.006+0000][gc,heap      ] GC(15) Humongous regions: 130->130
[2020-01-10T04:30:55.006+0000][gc,metaspace ] GC(15) Metaspace: 34495K->34495K(1081344K)
[2020-01-10T04:30:55.006+0000][gc           ] GC(15) Pause Young (Normal) (G1 Evacuation Pause) 192M->143M(1024M) 15.233ms
[2020-01-10T04:30:55.006+0000][gc,cpu       ] GC(15) User=0.02s Sys=0.00s Real=0.01s
[2020-01-10T04:48:53.277+0000][gc,start     ] GC(16) Pause Young (Normal) (G1 Evacuation Pause)
[2020-01-10T04:48:53.277+0000][gc,task      ] GC(16) Using 1 workers of 1 for evacuation
[2020-01-10T04:48:53.288+0000][gc,phases    ] GC(16)   Pre Evacuate Collection Set: 0.2ms
[2020-01-10T04:48:53.288+0000][gc,phases    ] GC(16)   Evacuate Collection Set: 9.4ms
[2020-01-10T04:48:53.288+0000][gc,phases    ] GC(16)   Post Evacuate Collection Set: 0.7ms
[2020-01-10T04:48:53.288+0000][gc,phases    ] GC(16)   Other: 1.0ms
[2020-01-10T04:48:53.288+0000][gc,heap      ] GC(16) Eden regions: 49->0(49)
[2020-01-10T04:48:53.288+0000][gc,heap      ] GC(16) Survivor regions: 2->2(7)
[2020-01-10T04:48:53.288+0000][gc,heap      ] GC(16) Old regions: 11->11
[2020-01-10T04:48:53.288+0000][gc,heap      ] GC(16) Archive regions: 2->2
[2020-01-10T04:48:53.288+0000][gc,heap      ] GC(16) Humongous regions: 130->130
[2020-01-10T04:48:53.288+0000][gc,metaspace ] GC(16) Metaspace: 34499K->34499K(1081344K)
[2020-01-10T04:48:53.288+0000][gc           ] GC(16) Pause Young (Normal) (G1 Evacuation Pause) 192M->143M(1024M) 11.357ms
[2020-01-10T04:48:53.288+0000][gc,cpu       ] GC(16) User=0.01s Sys=0.00s Real=0.01s
[2020-01-10T05:06:53.838+0000][gc,start     ] GC(17) Pause Young (Normal) (G1 Evacuation Pause)
[2020-01-10T05:06:53.838+0000][gc,task      ] GC(17) Using 1 workers of 1 for evacuation
[2020-01-10T05:06:53.860+0000][gc,mmu       ] GC(17) MMU target violated: 21.0ms (20.0ms/21.0ms)
[2020-01-10T05:06:53.860+0000][gc,phases    ] GC(17)   Pre Evacuate Collection Set: 0.2ms
[2020-01-10T05:06:53.860+0000][gc,phases    ] GC(17)   Evacuate Collection Set: 18.2ms
[2020-01-10T05:06:53.860+0000][gc,phases    ] GC(17)   Post Evacuate Collection Set: 1.0ms
[2020-01-10T05:06:53.860+0000][gc,phases    ] GC(17)   Other: 3.1ms
[2020-01-10T05:06:53.860+0000][gc,heap      ] GC(17) Eden regions: 49->0(49)
[2020-01-10T05:06:53.860+0000][gc,heap      ] GC(17) Survivor regions: 2->2(7)
[2020-01-10T05:06:53.860+0000][gc,heap      ] GC(17) Old regions: 11->11
[2020-01-10T05:06:53.860+0000][gc,heap      ] GC(17) Archive regions: 2->2
[2020-01-10T05:06:53.860+0000][gc,heap      ] GC(17) Humongous regions: 130->130
[2020-01-10T05:06:53.860+0000][gc,metaspace ] GC(17) Metaspace: 34500K->34500K(1081344K)
[2020-01-10T05:06:53.860+0000][gc           ] GC(17) Pause Young (Normal) (G1 Evacuation Pause) 192M->143M(1024M) 22.505ms
[2020-01-10T05:06:53.860+0000][gc,cpu       ] GC(17) User=0.03s Sys=0.00s Real=0.02s
[2020-01-10T05:24:54.991+0000][gc,start     ] GC(18) Pause Young (Normal) (G1 Evacuation Pause)
[2020-01-10T05:24:54.991+0000][gc,task      ] GC(18) Using 1 workers of 1 for evacuation
[2020-01-10T05:24:55.005+0000][gc,phases    ] GC(18)   Pre Evacuate Collection Set: 0.2ms
[2020-01-10T05:24:55.005+0000][gc,phases    ] GC(18)   Evacuate Collection Set: 11.2ms
[2020-01-10T05:24:55.005+0000][gc,phases    ] GC(18)   Post Evacuate Collection Set: 0.8ms
[2020-01-10T05:24:55.005+0000][gc,phases    ] GC(18)   Other: 1.4ms
[2020-01-10T05:24:55.005+0000][gc,heap      ] GC(18) Eden regions: 49->0(49)
[2020-01-10T05:24:55.005+0000][gc,heap      ] GC(18) Survivor regions: 2->2(7)
[2020-01-10T05:24:55.005+0000][gc,heap      ] GC(18) Old regions: 11->11
[2020-01-10T05:24:55.005+0000][gc,heap      ] GC(18) Archive regions: 2->2
[2020-01-10T05:24:55.005+0000][gc,heap      ] GC(18) Humongous regions: 130->130
[2020-01-10T05:24:55.005+0000][gc,metaspace ] GC(18) Metaspace: 34503K->34503K(1081344K)
[2020-01-10T05:24:55.005+0000][gc           ] GC(18) Pause Young (Normal) (G1 Evacuation Pause) 192M->143M(1024M) 13.674ms
[2020-01-10T05:24:55.005+0000][gc,cpu       ] GC(18) User=0.01s Sys=0.00s Real=0.01s
[2020-01-10T05:42:57.174+0000][gc,start     ] GC(19) Pause Young (Normal) (G1 Evacuation Pause)
[2020-01-10T05:42:57.174+0000][gc,task      ] GC(19) Using 1 workers of 1 for evacuation
[2020-01-10T05:42:57.186+0000][gc,phases    ] GC(19)   Pre Evacuate Collection Set: 0.1ms
[2020-01-10T05:42:57.186+0000][gc,phases    ] GC(19)   Evacuate Collection Set: 10.0ms
[2020-01-10T05:42:57.186+0000][gc,phases    ] GC(19)   Post Evacuate Collection Set: 0.7ms
[2020-01-10T05:42:57.186+0000][gc,phases    ] GC(19)   Other: 0.7ms
[2020-01-10T05:42:57.186+0000][gc,heap      ] GC(19) Eden regions: 49->0(50)
[2020-01-10T05:42:57.186+0000][gc,heap      ] GC(19) Survivor regions: 2->2(7)
[2020-01-10T05:42:57.186+0000][gc,heap      ] GC(19) Old regions: 11->11
[2020-01-10T05:42:57.186+0000][gc,heap      ] GC(19) Archive regions: 2->2
[2020-01-10T05:42:57.186+0000][gc,heap      ] GC(19) Humongous regions: 130->130
[2020-01-10T05:42:57.186+0000][gc,metaspace ] GC(19) Metaspace: 34524K->34524K(1081344K)
[2020-01-10T05:42:57.186+0000][gc           ] GC(19) Pause Young (Normal) (G1 Evacuation Pause) 192M->143M(1024M) 11.629ms
[2020-01-10T05:42:57.186+0000][gc,cpu       ] GC(19) User=0.01s Sys=0.00s Real=0.01s
[2020-01-10T06:01:24.992+0000][gc,start     ] GC(20) Pause Young (Normal) (G1 Evacuation Pause)
[2020-01-10T06:01:24.992+0000][gc,task      ] GC(20) Using 1 workers of 1 for evacuation
[2020-01-10T06:01:25.011+0000][gc,phases    ] GC(20)   Pre Evacuate Collection Set: 0.3ms
[2020-01-10T06:01:25.012+0000][gc,phases    ] GC(20)   Evacuate Collection Set: 16.0ms
[2020-01-10T06:01:25.013+0000][gc,phases    ] GC(20)   Post Evacuate Collection Set: 1.0ms
[2020-01-10T06:01:25.013+0000][gc,phases    ] GC(20)   Other: 2.4ms
[2020-01-10T06:01:25.013+0000][gc,heap      ] GC(20) Eden regions: 50->0(50)
[2020-01-10T06:01:25.013+0000][gc,heap      ] GC(20) Survivor regions: 2->2(7)
[2020-01-10T06:01:25.013+0000][gc,heap      ] GC(20) Old regions: 11->12
[2020-01-10T06:01:25.013+0000][gc,heap      ] GC(20) Archive regions: 2->2
[2020-01-10T06:01:25.013+0000][gc,heap      ] GC(20) Humongous regions: 130->130
[2020-01-10T06:01:25.013+0000][gc,metaspace ] GC(20) Metaspace: 34527K->34527K(1081344K)
[2020-01-10T06:01:25.013+0000][gc           ] GC(20) Pause Young (Normal) (G1 Evacuation Pause) 193M->143M(1024M) 21.079ms
[2020-01-10T06:01:25.013+0000][gc,cpu       ] GC(20) User=0.02s Sys=0.00s Real=0.02s
[2020-01-10T06:19:50.611+0000][gc,start     ] GC(21) Pause Young (Normal) (G1 Evacuation Pause)
[2020-01-10T06:19:50.612+0000][gc,task      ] GC(21) Using 1 workers of 1 for evacuation
[2020-01-10T06:19:50.640+0000][gc,mmu       ] GC(21) MMU target violated: 21.0ms (20.0ms/21.0ms)
[2020-01-10T06:19:50.640+0000][gc,phases    ] GC(21)   Pre Evacuate Collection Set: 0.3ms
[2020-01-10T06:19:50.640+0000][gc,phases    ] GC(21)   Evacuate Collection Set: 19.0ms
[2020-01-10T06:19:50.640+0000][gc,phases    ] GC(21)   Post Evacuate Collection Set: 1.7ms
[2020-01-10T06:19:50.640+0000][gc,phases    ] GC(21)   Other: 7.3ms
[2020-01-10T06:19:50.640+0000][gc,heap      ] GC(21) Eden regions: 50->0(50)
[2020-01-10T06:19:50.640+0000][gc,heap      ] GC(21) Survivor regions: 2->1(7)
[2020-01-10T06:19:50.640+0000][gc,heap      ] GC(21) Old regions: 12->13
[2020-01-10T06:19:50.640+0000][gc,heap      ] GC(21) Archive regions: 2->2
[2020-01-10T06:19:50.640+0000][gc,heap      ] GC(21) Humongous regions: 130->130
[2020-01-10T06:19:50.640+0000][gc,metaspace ] GC(21) Metaspace: 34530K->34530K(1081344K)
[2020-01-10T06:19:50.640+0000][gc           ] GC(21) Pause Young (Normal) (G1 Evacuation Pause) 193M->143M(1024M) 28.346ms
[2020-01-10T06:19:50.640+0000][gc,cpu       ] GC(21) User=0.03s Sys=0.00s Real=0.02s
[2020-01-10T06:38:09.846+0000][gc,start     ] GC(22) Pause Young (Normal) (G1 Evacuation Pause)
[2020-01-10T06:38:09.846+0000][gc,task      ] GC(22) Using 1 workers of 1 for evacuation
[2020-01-10T06:38:09.862+0000][gc,phases    ] GC(22)   Pre Evacuate Collection Set: 0.3ms
[2020-01-10T06:38:09.862+0000][gc,phases    ] GC(22)   Evacuate Collection Set: 7.3ms
[2020-01-10T06:38:09.862+0000][gc,phases    ] GC(22)   Post Evacuate Collection Set: 1.8ms
[2020-01-10T06:38:09.862+0000][gc,phases    ] GC(22)   Other: 6.8ms
[2020-01-10T06:38:09.862+0000][gc,heap      ] GC(22) Eden regions: 50->0(51)
[2020-01-10T06:38:09.862+0000][gc,heap      ] GC(22) Survivor regions: 1->1(7)
[2020-01-10T06:38:09.862+0000][gc,heap      ] GC(22) Old regions: 13->13
[2020-01-10T06:38:09.862+0000][gc,heap      ] GC(22) Archive regions: 2->2
[2020-01-10T06:38:09.862+0000][gc,heap      ] GC(22) Humongous regions: 130->130
[2020-01-10T06:38:09.862+0000][gc,metaspace ] GC(22) Metaspace: 34530K->34530K(1081344K)
[2020-01-10T06:38:09.862+0000][gc           ] GC(22) Pause Young (Normal) (G1 Evacuation Pause) 193M->143M(1024M) 16.238ms
[2020-01-10T06:38:09.862+0000][gc,cpu       ] GC(22) User=0.02s Sys=0.00s Real=0.02s
[2020-01-10T06:56:59.733+0000][gc,start     ] GC(23) Pause Young (Normal) (G1 Evacuation Pause)
[2020-01-10T06:56:59.733+0000][gc,task      ] GC(23) Using 1 workers of 1 for evacuation
[2020-01-10T06:56:59.748+0000][gc,phases    ] GC(23)   Pre Evacuate Collection Set: 0.3ms
[2020-01-10T06:56:59.748+0000][gc,phases    ] GC(23)   Evacuate Collection Set: 6.2ms
[2020-01-10T06:56:59.748+0000][gc,phases    ] GC(23)   Post Evacuate Collection Set: 1.6ms
[2020-01-10T06:56:59.748+0000][gc,phases    ] GC(23)   Other: 6.8ms
[2020-01-10T06:56:59.748+0000][gc,heap      ] GC(23) Eden regions: 51->0(52)
[2020-01-10T06:56:59.748+0000][gc,heap      ] GC(23) Survivor regions: 1->1(7)
[2020-01-10T06:56:59.748+0000][gc,heap      ] GC(23) Old regions: 13->13
[2020-01-10T06:56:59.748+0000][gc,heap      ] GC(23) Archive regions: 2->2
[2020-01-10T06:56:59.748+0000][gc,heap      ] GC(23) Humongous regions: 130->130
[2020-01-10T06:56:59.748+0000][gc,metaspace ] GC(23) Metaspace: 34534K->34534K(1081344K)
[2020-01-10T06:56:59.748+0000][gc           ] GC(23) Pause Young (Normal) (G1 Evacuation Pause) 194M->143M(1024M) 14.918ms
[2020-01-10T06:56:59.748+0000][gc,cpu       ] GC(23) User=0.01s Sys=0.00s Real=0.01s
[2020-01-10T07:16:09.991+0000][gc,start     ] GC(24) Pause Young (Normal) (G1 Evacuation Pause)
[2020-01-10T07:16:09.991+0000][gc,task      ] GC(24) Using 1 workers of 1 for evacuation
[2020-01-10T07:16:09.994+0000][gc,phases    ] GC(24)   Pre Evacuate Collection Set: 0.1ms
[2020-01-10T07:16:09.995+0000][gc,phases    ] GC(24)   Evacuate Collection Set: 1.7ms
[2020-01-10T07:16:09.995+0000][gc,phases    ] GC(24)   Post Evacuate Collection Set: 0.4ms
[2020-01-10T07:16:09.995+0000][gc,phases    ] GC(24)   Other: 0.4ms
[2020-01-10T07:16:09.995+0000][gc,heap      ] GC(24) Eden regions: 52->0(83)
[2020-01-10T07:16:09.995+0000][gc,heap      ] GC(24) Survivor regions: 1->1(7)
[2020-01-10T07:16:09.995+0000][gc,heap      ] GC(24) Old regions: 13->13
[2020-01-10T07:16:09.995+0000][gc,heap      ] GC(24) Archive regions: 2->2
[2020-01-10T07:16:09.995+0000][gc,heap      ] GC(24) Humongous regions: 130->130
[2020-01-10T07:16:09.995+0000][gc,metaspace ] GC(24) Metaspace: 34537K->34537K(1081344K)
[2020-01-10T07:16:09.995+0000][gc           ] GC(24) Pause Young (Normal) (G1 Evacuation Pause) 195M->143M(1024M) 4.040ms
[2020-01-10T07:16:09.995+0000][gc,cpu       ] GC(24) User=0.00s Sys=0.00s Real=0.00s
[2020-01-10T07:46:54.785+0000][gc,start     ] GC(25) Pause Young (Normal) (G1 Evacuation Pause)
[2020-01-10T07:46:54.785+0000][gc,task      ] GC(25) Using 1 workers of 1 for evacuation
[2020-01-10T07:46:54.801+0000][gc,phases    ] GC(25)   Pre Evacuate Collection Set: 0.3ms
[2020-01-10T07:46:54.801+0000][gc,phases    ] GC(25)   Evacuate Collection Set: 6.5ms
[2020-01-10T07:46:54.801+0000][gc,phases    ] GC(25)   Post Evacuate Collection Set: 2.0ms
[2020-01-10T07:46:54.801+0000][gc,phases    ] GC(25)   Other: 7.5ms
[2020-01-10T07:46:54.801+0000][gc,heap      ] GC(25) Eden regions: 83->0(97)
[2020-01-10T07:46:54.801+0000][gc,heap      ] GC(25) Survivor regions: 1->1(11)
[2020-01-10T07:46:54.801+0000][gc,heap      ] GC(25) Old regions: 13->13
[2020-01-10T07:46:54.801+0000][gc,heap      ] GC(25) Archive regions: 2->2
[2020-01-10T07:46:54.801+0000][gc,heap      ] GC(25) Humongous regions: 130->130
[2020-01-10T07:46:54.801+0000][gc,metaspace ] GC(25) Metaspace: 34549K->34549K(1081344K)
[2020-01-10T07:46:54.801+0000][gc           ] GC(25) Pause Young (Normal) (G1 Evacuation Pause) 226M->143M(1024M) 16.354ms
[2020-01-10T07:46:54.801+0000][gc,cpu       ] GC(25) User=0.02s Sys=0.00s Real=0.01s
[2020-01-10T08:22:57.039+0000][gc,start     ] GC(26) Pause Young (Normal) (G1 Evacuation Pause)
[2020-01-10T08:22:57.039+0000][gc,task      ] GC(26) Using 1 workers of 1 for evacuation
[2020-01-10T08:22:57.054+0000][gc,phases    ] GC(26)   Pre Evacuate Collection Set: 0.3ms
[2020-01-10T08:22:57.054+0000][gc,phases    ] GC(26)   Evacuate Collection Set: 6.8ms
[2020-01-10T08:22:57.054+0000][gc,phases    ] GC(26)   Post Evacuate Collection Set: 2.1ms
[2020-01-10T08:22:57.054+0000][gc,phases    ] GC(26)   Other: 6.1ms
[2020-01-10T08:22:57.054+0000][gc,heap      ] GC(26) Eden regions: 97->0(165)
[2020-01-10T08:22:57.054+0000][gc,heap      ] GC(26) Survivor regions: 1->1(13)
[2020-01-10T08:22:57.054+0000][gc,heap      ] GC(26) Old regions: 13->13
[2020-01-10T08:22:57.054+0000][gc,heap      ] GC(26) Archive regions: 2->2
[2020-01-10T08:22:57.054+0000][gc,heap      ] GC(26) Humongous regions: 130->130
[2020-01-10T08:22:57.054+0000][gc,metaspace ] GC(26) Metaspace: 34556K->34556K(1081344K)
[2020-01-10T08:22:57.054+0000][gc           ] GC(26) Pause Young (Normal) (G1 Evacuation Pause) 240M->143M(1024M) 15.340ms
[2020-01-10T08:22:57.054+0000][gc,cpu       ] GC(26) User=0.02s Sys=0.00s Real=0.02s
[2020-01-10T09:24:49.992+0000][gc,start     ] GC(27) Pause Young (Normal) (G1 Evacuation Pause)
[2020-01-10T09:24:49.992+0000][gc,task      ] GC(27) Using 1 workers of 1 for evacuation
[2020-01-10T09:24:50.010+0000][gc,phases    ] GC(27)   Pre Evacuate Collection Set: 0.3ms
[2020-01-10T09:24:50.011+0000][gc,phases    ] GC(27)   Evacuate Collection Set: 8.6ms
[2020-01-10T09:24:50.011+0000][gc,phases    ] GC(27)   Post Evacuate Collection Set: 3.2ms
[2020-01-10T09:24:50.011+0000][gc,phases    ] GC(27)   Other: 5.8ms
[2020-01-10T09:24:50.011+0000][gc,heap      ] GC(27) Eden regions: 165->0(210)
[2020-01-10T09:24:50.011+0000][gc,heap      ] GC(27) Survivor regions: 1->1(21)
[2020-01-10T09:24:50.011+0000][gc,heap      ] GC(27) Old regions: 13->13
[2020-01-10T09:24:50.011+0000][gc,heap      ] GC(27) Archive regions: 2->2
[2020-01-10T09:24:50.011+0000][gc,heap      ] GC(27) Humongous regions: 130->130
[2020-01-10T09:24:50.011+0000][gc,metaspace ] GC(27) Metaspace: 34560K->34560K(1081344K)
[2020-01-10T09:24:50.011+0000][gc           ] GC(27) Pause Young (Normal) (G1 Evacuation Pause) 308M->143M(1024M) 19.181ms
[2020-01-10T09:24:50.011+0000][gc,cpu       ] GC(27) User=0.02s Sys=0.00s Real=0.02s
[2020-01-10T10:43:39.994+0000][gc,start     ] GC(28) Pause Young (Normal) (G1 Evacuation Pause)
[2020-01-10T10:43:39.994+0000][gc,task      ] GC(28) Using 1 workers of 1 for evacuation
[2020-01-10T10:43:40.010+0000][gc,phases    ] GC(28)   Pre Evacuate Collection Set: 0.3ms
[2020-01-10T10:43:40.010+0000][gc,phases    ] GC(28)   Evacuate Collection Set: 7.2ms
[2020-01-10T10:43:40.010+0000][gc,phases    ] GC(28)   Post Evacuate Collection Set: 3.1ms
[2020-01-10T10:43:40.010+0000][gc,phases    ] GC(28)   Other: 5.6ms
[2020-01-10T10:43:40.010+0000][gc,heap      ] GC(28) Eden regions: 210->0(262)
[2020-01-10T10:43:40.010+0000][gc,heap      ] GC(28) Survivor regions: 1->1(27)
[2020-01-10T10:43:40.010+0000][gc,heap      ] GC(28) Old regions: 13->13
[2020-01-10T10:43:40.010+0000][gc,heap      ] GC(28) Archive regions: 2->2
[2020-01-10T10:43:40.010+0000][gc,heap      ] GC(28) Humongous regions: 130->130
[2020-01-10T10:43:40.010+0000][gc,metaspace ] GC(28) Metaspace: 34579K->34579K(1081344K)
[2020-01-10T10:43:40.010+0000][gc           ] GC(28) Pause Young (Normal) (G1 Evacuation Pause) 353M->143M(1024M) 16.153ms
[2020-01-10T10:43:40.010+0000][gc,cpu       ] GC(28) User=0.02s Sys=0.00s Real=0.02s
[2020-01-10T12:22:06.548+0000][gc,start     ] GC(29) Pause Young (Normal) (G1 Evacuation Pause)
[2020-01-10T12:22:06.548+0000][gc,task      ] GC(29) Using 1 workers of 1 for evacuation
[2020-01-10T12:22:06.564+0000][gc,phases    ] GC(29)   Pre Evacuate Collection Set: 0.3ms
[2020-01-10T12:22:06.564+0000][gc,phases    ] GC(29)   Evacuate Collection Set: 6.9ms
[2020-01-10T12:22:06.564+0000][gc,phases    ] GC(29)   Post Evacuate Collection Set: 3.3ms
[2020-01-10T12:22:06.564+0000][gc,phases    ] GC(29)   Other: 5.4ms
[2020-01-10T12:22:06.564+0000][gc,heap      ] GC(29) Eden regions: 262->0(328)
[2020-01-10T12:22:06.564+0000][gc,heap      ] GC(29) Survivor regions: 1->1(33)
[2020-01-10T12:22:06.564+0000][gc,heap      ] GC(29) Old regions: 13->13
[2020-01-10T12:22:06.564+0000][gc,heap      ] GC(29) Archive regions: 2->2
[2020-01-10T12:22:06.564+0000][gc,heap      ] GC(29) Humongous regions: 130->130
[2020-01-10T12:22:06.564+0000][gc,metaspace ] GC(29) Metaspace: 34592K->34592K(1081344K)
[2020-01-10T12:22:06.564+0000][gc           ] GC(29) Pause Young (Normal) (G1 Evacuation Pause) 405M->143M(1024M) 15.863ms
[2020-01-10T12:22:06.564+0000][gc,cpu       ] GC(29) User=0.02s Sys=0.00s Real=0.02s
[2020-01-10T14:09:08.237+0000][gc,start     ] GC(30) Pause Young (Normal) (G1 Evacuation Pause)
[2020-01-10T14:09:08.238+0000][gc,task      ] GC(30) Using 1 workers of 1 for evacuation
[2020-01-10T14:09:08.260+0000][gc,mmu       ] GC(30) MMU target violated: 21.0ms (20.0ms/21.0ms)
[2020-01-10T14:09:08.260+0000][gc,phases    ] GC(30)   Pre Evacuate Collection Set: 0.2ms
[2020-01-10T14:09:08.260+0000][gc,phases    ] GC(30)   Evacuate Collection Set: 13.9ms
[2020-01-10T14:09:08.260+0000][gc,phases    ] GC(30)   Post Evacuate Collection Set: 2.9ms
[2020-01-10T14:09:08.260+0000][gc,phases    ] GC(30)   Other: 5.5ms
[2020-01-10T14:09:08.260+0000][gc,heap      ] GC(30) Eden regions: 302->0(151)
[2020-01-10T14:09:08.260+0000][gc,heap      ] GC(30) Survivor regions: 1->2(38)
[2020-01-10T14:09:08.260+0000][gc,heap      ] GC(30) Old regions: 13->13
[2020-01-10T14:09:08.260+0000][gc,heap      ] GC(30) Archive regions: 2->2
[2020-01-10T14:09:08.260+0000][gc,heap      ] GC(30) Humongous regions: 130->130
[2020-01-10T14:09:08.260+0000][gc,metaspace ] GC(30) Metaspace: 34993K->34993K(1081344K)
[2020-01-10T14:09:08.260+0000][gc           ] GC(30) Pause Young (Normal) (G1 Evacuation Pause) 445M->145M(1024M) 22.544ms
[2020-01-10T14:09:08.260+0000][gc,cpu       ] GC(30) User=0.02s Sys=0.00s Real=0.02s
[2020-01-10T14:26:28.436+0000][gc,start     ] GC(31) Pause Young (Normal) (G1 Evacuation Pause)
[2020-01-10T14:26:28.436+0000][gc,task      ] GC(31) Using 1 workers of 1 for evacuation
[2020-01-10T14:26:28.453+0000][gc,phases    ] GC(31)   Pre Evacuate Collection Set: 0.2ms
[2020-01-10T14:26:28.453+0000][gc,phases    ] GC(31)   Evacuate Collection Set: 14.8ms
[2020-01-10T14:26:28.453+0000][gc,phases    ] GC(31)   Post Evacuate Collection Set: 0.9ms
[2020-01-10T14:26:28.453+0000][gc,phases    ] GC(31)   Other: 1.6ms
[2020-01-10T14:26:28.453+0000][gc,heap      ] GC(31) Eden regions: 49->0(49)
[2020-01-10T14:26:28.453+0000][gc,heap      ] GC(31) Survivor regions: 2->2(7)
[2020-01-10T14:26:28.453+0000][gc,heap      ] GC(31) Old regions: 13->13
[2020-01-10T14:26:28.453+0000][gc,heap      ] GC(31) Archive regions: 2->2
[2020-01-10T14:26:28.453+0000][gc,heap      ] GC(31) Humongous regions: 130->130
[2020-01-10T14:26:28.453+0000][gc,metaspace ] GC(31) Metaspace: 35005K->35005K(1081344K)
[2020-01-10T14:26:28.453+0000][gc           ] GC(31) Pause Young (Normal) (G1 Evacuation Pause) 194M->145M(1024M) 17.605ms
[2020-01-10T14:26:28.453+0000][gc,cpu       ] GC(31) User=0.02s Sys=0.00s Real=0.02s
[2020-01-10T14:44:32.269+0000][gc,start     ] GC(32) Pause Young (Normal) (G1 Evacuation Pause)
[2020-01-10T14:44:32.269+0000][gc,task      ] GC(32) Using 1 workers of 1 for evacuation
[2020-01-10T14:44:32.284+0000][gc,phases    ] GC(32)   Pre Evacuate Collection Set: 0.2ms
[2020-01-10T14:44:32.284+0000][gc,phases    ] GC(32)   Evacuate Collection Set: 13.5ms
[2020-01-10T14:44:32.284+0000][gc,phases    ] GC(32)   Post Evacuate Collection Set: 0.7ms
[2020-01-10T14:44:32.284+0000][gc,phases    ] GC(32)   Other: 0.9ms
[2020-01-10T14:44:32.284+0000][gc,heap      ] GC(32) Eden regions: 49->0(49)
[2020-01-10T14:44:32.284+0000][gc,heap      ] GC(32) Survivor regions: 2->2(7)
[2020-01-10T14:44:32.284+0000][gc,heap      ] GC(32) Old regions: 13->13
[2020-01-10T14:44:32.284+0000][gc,heap      ] GC(32) Archive regions: 2->2
[2020-01-10T14:44:32.284+0000][gc,heap      ] GC(32) Humongous regions: 130->130
[2020-01-10T14:44:32.284+0000][gc,metaspace ] GC(32) Metaspace: 35005K->35005K(1081344K)
[2020-01-10T14:44:32.284+0000][gc           ] GC(32) Pause Young (Normal) (G1 Evacuation Pause) 194M->145M(1024M) 15.476ms
[2020-01-10T14:44:32.284+0000][gc,cpu       ] GC(32) User=0.02s Sys=0.00s Real=0.02s
[2020-01-10T15:02:45.249+0000][gc,start     ] GC(33) Pause Young (Normal) (G1 Evacuation Pause)
[2020-01-10T15:02:45.249+0000][gc,task      ] GC(33) Using 1 workers of 1 for evacuation
[2020-01-10T15:02:45.257+0000][gc,phases    ] GC(33)   Pre Evacuate Collection Set: 0.1ms
[2020-01-10T15:02:45.257+0000][gc,phases    ] GC(33)   Evacuate Collection Set: 7.1ms
[2020-01-10T15:02:45.257+0000][gc,phases    ] GC(33)   Post Evacuate Collection Set: 0.5ms
[2020-01-10T15:02:45.257+0000][gc,phases    ] GC(33)   Other: 0.5ms
[2020-01-10T15:02:45.257+0000][gc,heap      ] GC(33) Eden regions: 49->0(49)
[2020-01-10T15:02:45.257+0000][gc,heap      ] GC(33) Survivor regions: 2->2(7)
[2020-01-10T15:02:45.257+0000][gc,heap      ] GC(33) Old regions: 13->13
[2020-01-10T15:02:45.257+0000][gc,heap      ] GC(33) Archive regions: 2->2
[2020-01-10T15:02:45.257+0000][gc,heap      ] GC(33) Humongous regions: 130->130
[2020-01-10T15:02:45.257+0000][gc,metaspace ] GC(33) Metaspace: 35007K->35007K(1081344K)
[2020-01-10T15:02:45.257+0000][gc           ] GC(33) Pause Young (Normal) (G1 Evacuation Pause) 194M->145M(1024M) 8.321ms
[2020-01-10T15:02:45.257+0000][gc,cpu       ] GC(33) User=0.01s Sys=0.00s Real=0.01s
[2020-01-10T15:20:56.190+0000][gc,start     ] GC(34) Pause Young (Normal) (G1 Evacuation Pause)
[2020-01-10T15:20:56.190+0000][gc,task      ] GC(34) Using 1 workers of 1 for evacuation
[2020-01-10T15:20:56.198+0000][gc,phases    ] GC(34)   Pre Evacuate Collection Set: 0.1ms
[2020-01-10T15:20:56.198+0000][gc,phases    ] GC(34)   Evacuate Collection Set: 6.9ms
[2020-01-10T15:20:56.198+0000][gc,phases    ] GC(34)   Post Evacuate Collection Set: 0.5ms
[2020-01-10T15:20:56.198+0000][gc,phases    ] GC(34)   Other: 0.5ms
[2020-01-10T15:20:56.198+0000][gc,heap      ] GC(34) Eden regions: 49->0(50)
[2020-01-10T15:20:56.198+0000][gc,heap      ] GC(34) Survivor regions: 2->2(7)
[2020-01-10T15:20:56.198+0000][gc,heap      ] GC(34) Old regions: 13->13
[2020-01-10T15:20:56.198+0000][gc,heap      ] GC(34) Archive regions: 2->2
[2020-01-10T15:20:56.198+0000][gc,heap      ] GC(34) Humongous regions: 130->130
[2020-01-10T15:20:56.198+0000][gc,metaspace ] GC(34) Metaspace: 35007K->35007K(1081344K)
[2020-01-10T15:20:56.198+0000][gc           ] GC(34) Pause Young (Normal) (G1 Evacuation Pause) 194M->145M(1024M) 8.033ms
[2020-01-10T15:20:56.198+0000][gc,cpu       ] GC(34) User=0.01s Sys=0.00s Real=0.00s
[2020-01-10T15:39:34.991+0000][gc,start     ] GC(35) Pause Young (Normal) (G1 Evacuation Pause)
[2020-01-10T15:39:34.991+0000][gc,task      ] GC(35) Using 1 workers of 1 for evacuation
[2020-01-10T15:39:35.003+0000][gc,phases    ] GC(35)   Pre Evacuate Collection Set: 0.2ms
[2020-01-10T15:39:35.005+0000][gc,phases    ] GC(35)   Evacuate Collection Set: 10.8ms
[2020-01-10T15:39:35.005+0000][gc,phases    ] GC(35)   Post Evacuate Collection Set: 0.5ms
[2020-01-10T15:39:35.005+0000][gc,phases    ] GC(35)   Other: 0.8ms
[2020-01-10T15:39:35.005+0000][gc,heap      ] GC(35) Eden regions: 50->0(50)
[2020-01-10T15:39:35.005+0000][gc,heap      ] GC(35) Survivor regions: 2->2(7)
[2020-01-10T15:39:35.005+0000][gc,heap      ] GC(35) Old regions: 13->13
[2020-01-10T15:39:35.005+0000][gc,heap      ] GC(35) Archive regions: 2->2
[2020-01-10T15:39:35.005+0000][gc,heap      ] GC(35) Humongous regions: 130->130
[2020-01-10T15:39:35.005+0000][gc,metaspace ] GC(35) Metaspace: 35007K->35007K(1081344K)
[2020-01-10T15:39:35.005+0000][gc           ] GC(35) Pause Young (Normal) (G1 Evacuation Pause) 195M->145M(1024M) 14.048ms
[2020-01-10T15:39:35.005+0000][gc,cpu       ] GC(35) User=0.01s Sys=0.00s Real=0.01s
[2020-01-10T15:53:41.877+0000][gc,start     ] GC(36) Pause Young (Normal) (G1 Evacuation Pause)
[2020-01-10T15:53:41.877+0000][gc,task      ] GC(36) Using 1 workers of 1 for evacuation
[2020-01-10T15:53:41.893+0000][gc,phases    ] GC(36)   Pre Evacuate Collection Set: 0.2ms
[2020-01-10T15:53:41.893+0000][gc,phases    ] GC(36)   Evacuate Collection Set: 13.1ms
[2020-01-10T15:53:41.893+0000][gc,phases    ] GC(36)   Post Evacuate Collection Set: 0.8ms
[2020-01-10T15:53:41.893+0000][gc,phases    ] GC(36)   Other: 2.1ms
[2020-01-10T15:53:41.893+0000][gc,heap      ] GC(36) Eden regions: 50->0(50)
[2020-01-10T15:53:41.893+0000][gc,heap      ] GC(36) Survivor regions: 2->3(7)
[2020-01-10T15:53:41.893+0000][gc,heap      ] GC(36) Old regions: 13->13
[2020-01-10T15:53:41.893+0000][gc,heap      ] GC(36) Archive regions: 2->2
[2020-01-10T15:53:41.893+0000][gc,heap      ] GC(36) Humongous regions: 130->130
[2020-01-10T15:53:41.893+0000][gc,metaspace ] GC(36) Metaspace: 35075K->35075K(1081344K)
[2020-01-10T15:53:41.893+0000][gc           ] GC(36) Pause Young (Normal) (G1 Evacuation Pause) 195M->145M(1024M) 16.263ms
[2020-01-10T15:53:41.893+0000][gc,cpu       ] GC(36) User=0.02s Sys=0.00s Real=0.02s
[2020-01-10T16:04:57.100+0000][gc,start     ] GC(37) Pause Young (Normal) (G1 Evacuation Pause)
[2020-01-10T16:04:57.100+0000][gc,task      ] GC(37) Using 1 workers of 1 for evacuation
[2020-01-10T16:04:57.115+0000][gc,phases    ] GC(37)   Pre Evacuate Collection Set: 0.2ms
[2020-01-10T16:04:57.115+0000][gc,phases    ] GC(37)   Evacuate Collection Set: 13.5ms
[2020-01-10T16:04:57.115+0000][gc,phases    ] GC(37)   Post Evacuate Collection Set: 0.6ms
[2020-01-10T16:04:57.115+0000][gc,phases    ] GC(37)   Other: 1.0ms
[2020-01-10T16:04:57.115+0000][gc,heap      ] GC(37) Eden regions: 50->0(50)
[2020-01-10T16:04:57.115+0000][gc,heap      ] GC(37) Survivor regions: 3->2(7)
[2020-01-10T16:04:57.115+0000][gc,heap      ] GC(37) Old regions: 13->13
[2020-01-10T16:04:57.115+0000][gc,heap      ] GC(37) Archive regions: 2->2
[2020-01-10T16:04:57.115+0000][gc,heap      ] GC(37) Humongous regions: 130->130
[2020-01-10T16:04:57.115+0000][gc,metaspace ] GC(37) Metaspace: 35143K->35143K(1081344K)
[2020-01-10T16:04:57.115+0000][gc           ] GC(37) Pause Young (Normal) (G1 Evacuation Pause) 195M->145M(1024M) 15.454ms
[2020-01-10T16:04:57.116+0000][gc,cpu       ] GC(37) User=0.01s Sys=0.00s Real=0.02s
[2020-01-10T16:17:30.127+0000][gc,start     ] GC(38) Pause Young (Normal) (G1 Evacuation Pause)
[2020-01-10T16:17:30.127+0000][gc,task      ] GC(38) Using 1 workers of 1 for evacuation
[2020-01-10T16:17:30.139+0000][gc,phases    ] GC(38)   Pre Evacuate Collection Set: 0.1ms
[2020-01-10T16:17:30.140+0000][gc,phases    ] GC(38)   Evacuate Collection Set: 11.2ms
[2020-01-10T16:17:30.140+0000][gc,phases    ] GC(38)   Post Evacuate Collection Set: 0.5ms
[2020-01-10T16:17:30.140+0000][gc,phases    ] GC(38)   Other: 0.5ms
[2020-01-10T16:17:30.140+0000][gc,heap      ] GC(38) Eden regions: 50->0(50)
[2020-01-10T16:17:30.140+0000][gc,heap      ] GC(38) Survivor regions: 2->2(7)
[2020-01-10T16:17:30.140+0000][gc,heap      ] GC(38) Old regions: 13->13
[2020-01-10T16:17:30.140+0000][gc,heap      ] GC(38) Archive regions: 2->2
[2020-01-10T16:17:30.140+0000][gc,heap      ] GC(38) Humongous regions: 130->130
[2020-01-10T16:17:30.140+0000][gc,metaspace ] GC(38) Metaspace: 35206K->35206K(1081344K)
[2020-01-10T16:17:30.140+0000][gc           ] GC(38) Pause Young (Normal) (G1 Evacuation Pause) 195M->145M(1024M) 12.399ms
[2020-01-10T16:17:30.140+0000][gc,cpu       ] GC(38) User=0.01s Sys=0.00s Real=0.01s
[2020-01-10T16:31:34.991+0000][gc,start     ] GC(39) Pause Young (Normal) (G1 Evacuation Pause)
[2020-01-10T16:31:34.991+0000][gc,task      ] GC(39) Using 1 workers of 1 for evacuation
[2020-01-10T16:31:35.004+0000][gc,phases    ] GC(39)   Pre Evacuate Collection Set: 0.2ms
[2020-01-10T16:31:35.006+0000][gc,phases    ] GC(39)   Evacuate Collection Set: 12.1ms
[2020-01-10T16:31:35.006+0000][gc,phases    ] GC(39)   Post Evacuate Collection Set: 0.5ms
[2020-01-10T16:31:35.006+0000][gc,phases    ] GC(39)   Other: 0.8ms
[2020-01-10T16:31:35.006+0000][gc,heap      ] GC(39) Eden regions: 50->0(51)
[2020-01-10T16:31:35.006+0000][gc,heap      ] GC(39) Survivor regions: 2->2(7)
[2020-01-10T16:31:35.006+0000][gc,heap      ] GC(39) Old regions: 13->13
[2020-01-10T16:31:35.006+0000][gc,heap      ] GC(39) Archive regions: 2->2
[2020-01-10T16:31:35.006+0000][gc,heap      ] GC(39) Humongous regions: 130->130
[2020-01-10T16:31:35.006+0000][gc,metaspace ] GC(39) Metaspace: 35227K->35227K(1081344K)
[2020-01-10T16:31:35.006+0000][gc           ] GC(39) Pause Young (Normal) (G1 Evacuation Pause) 195M->145M(1024M) 15.303ms
[2020-01-10T16:31:35.006+0000][gc,cpu       ] GC(39) User=0.01s Sys=0.00s Real=0.01s
[2020-01-10T16:44:13.037+0000][gc,start     ] GC(40) Pause Young (Normal) (G1 Evacuation Pause)
[2020-01-10T16:44:13.037+0000][gc,task      ] GC(40) Using 1 workers of 1 for evacuation
[2020-01-10T16:44:13.056+0000][gc,phases    ] GC(40)   Pre Evacuate Collection Set: 0.2ms
[2020-01-10T16:44:13.056+0000][gc,phases    ] GC(40)   Evacuate Collection Set: 13.5ms
[2020-01-10T16:44:13.056+0000][gc,phases    ] GC(40)   Post Evacuate Collection Set: 1.0ms
[2020-01-10T16:44:13.056+0000][gc,phases    ] GC(40)   Other: 4.3ms
[2020-01-10T16:44:13.056+0000][gc,heap      ] GC(40) Eden regions: 51->0(51)
[2020-01-10T16:44:13.056+0000][gc,heap      ] GC(40) Survivor regions: 2->2(7)
[2020-01-10T16:44:13.056+0000][gc,heap      ] GC(40) Old regions: 13->13
[2020-01-10T16:44:13.056+0000][gc,heap      ] GC(40) Archive regions: 2->2
[2020-01-10T16:44:13.056+0000][gc,heap      ] GC(40) Humongous regions: 130->130
[2020-01-10T16:44:13.056+0000][gc,metaspace ] GC(40) Metaspace: 35286K->35286K(1081344K)
[2020-01-10T16:44:13.056+0000][gc           ] GC(40) Pause Young (Normal) (G1 Evacuation Pause) 196M->145M(1024M) 18.973ms
[2020-01-10T16:44:13.056+0000][gc,cpu       ] GC(40) User=0.02s Sys=0.00s Real=0.02s
[2020-01-10T17:00:35.433+0000][gc,start     ] GC(41) Pause Young (Normal) (G1 Evacuation Pause)
[2020-01-10T17:00:35.433+0000][gc,task      ] GC(41) Using 1 workers of 1 for evacuation
[2020-01-10T17:00:35.469+0000][gc,mmu       ] GC(41) MMU target violated: 21.0ms (20.0ms/21.0ms)
[2020-01-10T17:00:35.469+0000][gc,phases    ] GC(41)   Pre Evacuate Collection Set: 0.2ms
[2020-01-10T17:00:35.469+0000][gc,phases    ] GC(41)   Evacuate Collection Set: 27.5ms
[2020-01-10T17:00:35.469+0000][gc,phases    ] GC(41)   Post Evacuate Collection Set: 7.3ms
[2020-01-10T17:00:35.469+0000][gc,phases    ] GC(41)   Other: 1.6ms
[2020-01-10T17:00:35.469+0000][gc,heap      ] GC(41) Eden regions: 50->0(49)
[2020-01-10T17:00:35.469+0000][gc,heap      ] GC(41) Survivor regions: 2->2(7)
[2020-01-10T17:00:35.469+0000][gc,heap      ] GC(41) Old regions: 13->13
[2020-01-10T17:00:35.469+0000][gc,heap      ] GC(41) Archive regions: 2->2
[2020-01-10T17:00:35.470+0000][gc,heap      ] GC(41) Humongous regions: 130->130
[2020-01-10T17:00:35.470+0000][gc,metaspace ] GC(41) Metaspace: 35358K->35358K(1081344K)
[2020-01-10T17:00:35.470+0000][gc           ] GC(41) Pause Young (Normal) (G1 Evacuation Pause) 195M->145M(1024M) 36.695ms
[2020-01-10T17:00:35.470+0000][gc,cpu       ] GC(41) User=0.01s Sys=0.00s Real=0.04s
[2020-01-10T17:00:47.377+0000][gc,start     ] GC(42) Pause Young (Normal) (G1 Evacuation Pause)
[2020-01-10T17:00:47.377+0000][gc,task      ] GC(42) Using 1 workers of 1 for evacuation
[2020-01-10T17:00:47.406+0000][gc,mmu       ] GC(42) MMU target violated: 21.0ms (20.0ms/21.0ms)
[2020-01-10T17:00:47.406+0000][gc,phases    ] GC(42)   Pre Evacuate Collection Set: 0.1ms
[2020-01-10T17:00:47.406+0000][gc,phases    ] GC(42)   Evacuate Collection Set: 22.5ms
[2020-01-10T17:00:47.406+0000][gc,phases    ] GC(42)   Post Evacuate Collection Set: 5.8ms
[2020-01-10T17:00:47.406+0000][gc,phases    ] GC(42)   Other: 0.4ms
[2020-01-10T17:00:47.406+0000][gc,heap      ] GC(42) Eden regions: 49->0(48)
[2020-01-10T17:00:47.406+0000][gc,heap      ] GC(42) Survivor regions: 2->3(7)
[2020-01-10T17:00:47.406+0000][gc,heap      ] GC(42) Old regions: 13->13
[2020-01-10T17:00:47.406+0000][gc,heap      ] GC(42) Archive regions: 2->2
[2020-01-10T17:00:47.406+0000][gc,heap      ] GC(42) Humongous regions: 130->130
[2020-01-10T17:00:47.406+0000][gc,metaspace ] GC(42) Metaspace: 35661K->35661K(1081344K)
[2020-01-10T17:00:47.406+0000][gc           ] GC(42) Pause Young (Normal) (G1 Evacuation Pause) 194M->146M(1024M) 28.838ms
[2020-01-10T17:00:47.406+0000][gc,cpu       ] GC(42) User=0.01s Sys=0.00s Real=0.03s
[2020-01-10T17:03:06.229+0000][gc,start     ] GC(43) Pause Young (Normal) (G1 Evacuation Pause)
[2020-01-10T17:03:06.229+0000][gc,task      ] GC(43) Using 1 workers of 1 for evacuation
[2020-01-10T17:03:06.241+0000][gc,phases    ] GC(43)   Pre Evacuate Collection Set: 0.1ms
[2020-01-10T17:03:06.241+0000][gc,phases    ] GC(43)   Evacuate Collection Set: 11.4ms
[2020-01-10T17:03:06.241+0000][gc,phases    ] GC(43)   Post Evacuate Collection Set: 0.4ms
[2020-01-10T17:03:06.241+0000][gc,phases    ] GC(43)   Other: 0.4ms
[2020-01-10T17:03:06.241+0000][gc,heap      ] GC(43) Eden regions: 48->0(48)
[2020-01-10T17:03:06.241+0000][gc,heap      ] GC(43) Survivor regions: 3->3(7)
[2020-01-10T17:03:06.241+0000][gc,heap      ] GC(43) Old regions: 13->13
[2020-01-10T17:03:06.241+0000][gc,heap      ] GC(43) Archive regions: 2->2
[2020-01-10T17:03:06.241+0000][gc,heap      ] GC(43) Humongous regions: 130->130
[2020-01-10T17:03:06.241+0000][gc,metaspace ] GC(43) Metaspace: 35669K->35669K(1081344K)
[2020-01-10T17:03:06.241+0000][gc           ] GC(43) Pause Young (Normal) (G1 Evacuation Pause) 194M->146M(1024M) 12.506ms
[2020-01-10T17:03:06.241+0000][gc,cpu       ] GC(43) User=0.02s Sys=0.00s Real=0.01s
[2020-01-10T17:18:27.468+0000][gc,start     ] GC(44) Pause Young (Normal) (G1 Evacuation Pause)
[2020-01-10T17:18:27.468+0000][gc,task      ] GC(44) Using 1 workers of 1 for evacuation
[2020-01-10T17:18:27.502+0000][gc,mmu       ] GC(44) MMU target violated: 21.0ms (20.0ms/21.0ms)
[2020-01-10T17:18:27.502+0000][gc,phases    ] GC(44)   Pre Evacuate Collection Set: 0.2ms
[2020-01-10T17:18:27.502+0000][gc,phases    ] GC(44)   Evacuate Collection Set: 28.1ms
[2020-01-10T17:18:27.502+0000][gc,phases    ] GC(44)   Post Evacuate Collection Set: 1.2ms
[2020-01-10T17:18:27.502+0000][gc,phases    ] GC(44)   Other: 4.7ms
[2020-01-10T17:18:27.502+0000][gc,heap      ] GC(44) Eden regions: 48->0(48)
[2020-01-10T17:18:27.502+0000][gc,heap      ] GC(44) Survivor regions: 3->3(7)
[2020-01-10T17:18:27.502+0000][gc,heap      ] GC(44) Old regions: 13->13
[2020-01-10T17:18:27.502+0000][gc,heap      ] GC(44) Archive regions: 2->2
[2020-01-10T17:18:27.502+0000][gc,heap      ] GC(44) Humongous regions: 130->130
[2020-01-10T17:18:27.502+0000][gc,metaspace ] GC(44) Metaspace: 35670K->35670K(1081344K)
[2020-01-10T17:18:27.502+0000][gc           ] GC(44) Pause Young (Normal) (G1 Evacuation Pause) 194M->146M(1024M) 34.229ms
[2020-01-10T17:18:27.502+0000][gc,cpu       ] GC(44) User=0.03s Sys=0.00s Real=0.04s
[2020-01-10T17:35:59.991+0000][gc,start     ] GC(45) Pause Young (Normal) (G1 Evacuation Pause)
[2020-01-10T17:35:59.991+0000][gc,task      ] GC(45) Using 1 workers of 1 for evacuation
[2020-01-10T17:36:00.004+0000][gc,phases    ] GC(45)   Pre Evacuate Collection Set: 0.1ms
[2020-01-10T17:36:00.006+0000][gc,phases    ] GC(45)   Evacuate Collection Set: 11.7ms
[2020-01-10T17:36:00.006+0000][gc,phases    ] GC(45)   Post Evacuate Collection Set: 0.5ms
[2020-01-10T17:36:00.006+0000][gc,phases    ] GC(45)   Other: 0.5ms
[2020-01-10T17:36:00.006+0000][gc,heap      ] GC(45) Eden regions: 48->0(48)
[2020-01-10T17:36:00.006+0000][gc,heap      ] GC(45) Survivor regions: 3->3(7)
[2020-01-10T17:36:00.006+0000][gc,heap      ] GC(45) Old regions: 13->14
[2020-01-10T17:36:00.006+0000][gc,heap      ] GC(45) Archive regions: 2->2
[2020-01-10T17:36:00.006+0000][gc,heap      ] GC(45) Humongous regions: 130->130
[2020-01-10T17:36:00.006+0000][gc,metaspace ] GC(45) Metaspace: 35674K->35674K(1081344K)
[2020-01-10T17:36:00.006+0000][gc           ] GC(45) Pause Young (Normal) (G1 Evacuation Pause) 194M->146M(1024M) 14.840ms
[2020-01-10T17:36:00.006+0000][gc,cpu       ] GC(45) User=0.02s Sys=0.00s Real=0.01s
[2020-01-10T17:46:00.459+0000][gc,start     ] GC(46) Pause Young (Normal) (G1 Evacuation Pause)
[2020-01-10T17:46:00.459+0000][gc,task      ] GC(46) Using 1 workers of 1 for evacuation
[2020-01-10T17:46:00.482+0000][gc,mmu       ] GC(46) MMU target violated: 21.0ms (20.0ms/21.0ms)
[2020-01-10T17:46:00.482+0000][gc,phases    ] GC(46)   Pre Evacuate Collection Set: 0.2ms
[2020-01-10T17:46:00.482+0000][gc,phases    ] GC(46)   Evacuate Collection Set: 15.7ms
[2020-01-10T17:46:00.482+0000][gc,phases    ] GC(46)   Post Evacuate Collection Set: 6.7ms
[2020-01-10T17:46:00.482+0000][gc,phases    ] GC(46)   Other: 0.5ms
[2020-01-10T17:46:00.482+0000][gc,heap      ] GC(46) Eden regions: 48->0(48)
[2020-01-10T17:46:00.482+0000][gc,heap      ] GC(46) Survivor regions: 3->3(7)
[2020-01-10T17:46:00.482+0000][gc,heap      ] GC(46) Old regions: 14->14
[2020-01-10T17:46:00.482+0000][gc,heap      ] GC(46) Archive regions: 2->2
[2020-01-10T17:46:00.482+0000][gc,heap      ] GC(46) Humongous regions: 130->130
[2020-01-10T17:46:00.482+0000][gc,metaspace ] GC(46) Metaspace: 35699K->35699K(1081344K)
[2020-01-10T17:46:00.482+0000][gc           ] GC(46) Pause Young (Normal) (G1 Evacuation Pause) 194M->146M(1024M) 23.129ms
[2020-01-10T17:46:00.482+0000][gc,cpu       ] GC(46) User=0.01s Sys=0.00s Real=0.03s
[2020-01-10T17:46:13.006+0000][gc,start     ] GC(47) Pause Young (Normal) (G1 Evacuation Pause)
[2020-01-10T17:46:13.006+0000][gc,task      ] GC(47) Using 1 workers of 1 for evacuation
[2020-01-10T17:46:13.024+0000][gc,phases    ] GC(47)   Pre Evacuate Collection Set: 0.1ms
[2020-01-10T17:46:13.024+0000][gc,phases    ] GC(47)   Evacuate Collection Set: 13.2ms
[2020-01-10T17:46:13.024+0000][gc,phases    ] GC(47)   Post Evacuate Collection Set: 4.5ms
[2020-01-10T17:46:13.024+0000][gc,phases    ] GC(47)   Other: 0.3ms
[2020-01-10T17:46:13.024+0000][gc,heap      ] GC(47) Eden regions: 48->0(48)
[2020-01-10T17:46:13.024+0000][gc,heap      ] GC(47) Survivor regions: 3->3(7)
[2020-01-10T17:46:13.024+0000][gc,heap      ] GC(47) Old regions: 14->14
[2020-01-10T17:46:13.024+0000][gc,heap      ] GC(47) Archive regions: 2->2
[2020-01-10T17:46:13.024+0000][gc,heap      ] GC(47) Humongous regions: 130->130
[2020-01-10T17:46:13.024+0000][gc,metaspace ] GC(47) Metaspace: 35716K->35716K(1081344K)
[2020-01-10T17:46:13.024+0000][gc           ] GC(47) Pause Young (Normal) (G1 Evacuation Pause) 194M->146M(1024M) 18.168ms
[2020-01-10T17:46:13.024+0000][gc,cpu       ] GC(47) User=0.01s Sys=0.00s Real=0.02s
[2020-01-10T17:47:56.563+0000][gc,start     ] GC(48) Pause Young (Normal) (G1 Evacuation Pause)
[2020-01-10T17:47:56.563+0000][gc,task      ] GC(48) Using 1 workers of 1 for evacuation
[2020-01-10T17:47:56.582+0000][gc,phases    ] GC(48)   Pre Evacuate Collection Set: 0.1ms
[2020-01-10T17:47:56.582+0000][gc,phases    ] GC(48)   Evacuate Collection Set: 12.3ms
[2020-01-10T17:47:56.582+0000][gc,phases    ] GC(48)   Post Evacuate Collection Set: 5.7ms
[2020-01-10T17:47:56.582+0000][gc,phases    ] GC(48)   Other: 0.4ms
[2020-01-10T17:47:56.582+0000][gc,heap      ] GC(48) Eden regions: 48->0(48)
[2020-01-10T17:47:56.582+0000][gc,heap      ] GC(48) Survivor regions: 3->3(7)
[2020-01-10T17:47:56.582+0000][gc,heap      ] GC(48) Old regions: 14->14
[2020-01-10T17:47:56.582+0000][gc,heap      ] GC(48) Archive regions: 2->2
[2020-01-10T17:47:56.582+0000][gc,heap      ] GC(48) Humongous regions: 130->130
[2020-01-10T17:47:56.582+0000][gc,metaspace ] GC(48) Metaspace: 35722K->35722K(1081344K)
[2020-01-10T17:47:56.582+0000][gc           ] GC(48) Pause Young (Normal) (G1 Evacuation Pause) 194M->146M(1024M) 18.644ms
[2020-01-10T17:47:56.582+0000][gc,cpu       ] GC(48) User=0.00s Sys=0.00s Real=0.02s
[2020-01-10T17:48:06.110+0000][gc,start     ] GC(49) Pause Young (Normal) (G1 Evacuation Pause)
[2020-01-10T17:48:06.110+0000][gc,task      ] GC(49) Using 1 workers of 1 for evacuation
[2020-01-10T17:48:06.130+0000][gc,mmu       ] GC(49) MMU target violated: 20.0ms (20.0ms/21.0ms)
[2020-01-10T17:48:06.130+0000][gc,phases    ] GC(49)   Pre Evacuate Collection Set: 0.1ms
[2020-01-10T17:48:06.130+0000][gc,phases    ] GC(49)   Evacuate Collection Set: 14.5ms
[2020-01-10T17:48:06.130+0000][gc,phases    ] GC(49)   Post Evacuate Collection Set: 5.2ms
[2020-01-10T17:48:06.130+0000][gc,phases    ] GC(49)   Other: 0.4ms
[2020-01-10T17:48:06.130+0000][gc,heap      ] GC(49) Eden regions: 48->0(48)
[2020-01-10T17:48:06.130+0000][gc,heap      ] GC(49) Survivor regions: 3->3(7)
[2020-01-10T17:48:06.130+0000][gc,heap      ] GC(49) Old regions: 14->14
[2020-01-10T17:48:06.130+0000][gc,heap      ] GC(49) Archive regions: 2->2
[2020-01-10T17:48:06.130+0000][gc,heap      ] GC(49) Humongous regions: 130->130
[2020-01-10T17:48:06.130+0000][gc,metaspace ] GC(49) Metaspace: 35722K->35722K(1081344K)
[2020-01-10T17:48:06.130+0000][gc           ] GC(49) Pause Young (Normal) (G1 Evacuation Pause) 194M->146M(1024M) 20.305ms
[2020-01-10T17:48:06.130+0000][gc,cpu       ] GC(49) User=0.01s Sys=0.00s Real=0.02s
[2020-01-10T17:48:16.293+0000][gc,start     ] GC(50) Pause Young (Normal) (G1 Evacuation Pause)
[2020-01-10T17:48:16.293+0000][gc,task      ] GC(50) Using 1 workers of 1 for evacuation
[2020-01-10T17:48:16.318+0000][gc,mmu       ] GC(50) MMU target violated: 21.0ms (20.0ms/21.0ms)
[2020-01-10T17:48:16.318+0000][gc,phases    ] GC(50)   Pre Evacuate Collection Set: 0.1ms
[2020-01-10T17:48:16.318+0000][gc,phases    ] GC(50)   Evacuate Collection Set: 20.4ms
[2020-01-10T17:48:16.318+0000][gc,phases    ] GC(50)   Post Evacuate Collection Set: 3.6ms
[2020-01-10T17:48:16.318+0000][gc,phases    ] GC(50)   Other: 0.3ms
[2020-01-10T17:48:16.318+0000][gc,heap      ] GC(50) Eden regions: 48->0(48)
[2020-01-10T17:48:16.318+0000][gc,heap      ] GC(50) Survivor regions: 3->3(7)
[2020-01-10T17:48:16.318+0000][gc,heap      ] GC(50) Old regions: 14->14
[2020-01-10T17:48:16.318+0000][gc,heap      ] GC(50) Archive regions: 2->2
[2020-01-10T17:48:16.318+0000][gc,heap      ] GC(50) Humongous regions: 130->130
[2020-01-10T17:48:16.318+0000][gc,metaspace ] GC(50) Metaspace: 35722K->35722K(1081344K)
[2020-01-10T17:48:16.318+0000][gc           ] GC(50) Pause Young (Normal) (G1 Evacuation Pause) 194M->146M(1024M) 24.498ms
[2020-01-10T17:48:16.318+0000][gc,cpu       ] GC(50) User=0.01s Sys=0.00s Real=0.02s
[2020-01-10T17:52:00.395+0000][gc,start     ] GC(51) Pause Young (Normal) (G1 Evacuation Pause)
[2020-01-10T17:52:00.395+0000][gc,task      ] GC(51) Using 1 workers of 1 for evacuation
[2020-01-10T17:52:00.423+0000][gc,mmu       ] GC(51) MMU target violated: 21.0ms (20.0ms/21.0ms)
[2020-01-10T17:52:00.423+0000][gc,phases    ] GC(51)   Pre Evacuate Collection Set: 0.1ms
[2020-01-10T17:52:00.423+0000][gc,phases    ] GC(51)   Evacuate Collection Set: 17.2ms
[2020-01-10T17:52:00.423+0000][gc,phases    ] GC(51)   Post Evacuate Collection Set: 10.0ms
[2020-01-10T17:52:00.423+0000][gc,phases    ] GC(51)   Other: 0.5ms
[2020-01-10T17:52:00.423+0000][gc,heap      ] GC(51) Eden regions: 48->0(49)
[2020-01-10T17:52:00.423+0000][gc,heap      ] GC(51) Survivor regions: 3->2(7)
[2020-01-10T17:52:00.423+0000][gc,heap      ] GC(51) Old regions: 14->14
[2020-01-10T17:52:00.423+0000][gc,heap      ] GC(51) Archive regions: 2->2
[2020-01-10T17:52:00.423+0000][gc,heap      ] GC(51) Humongous regions: 130->130
[2020-01-10T17:52:00.423+0000][gc,metaspace ] GC(51) Metaspace: 35722K->35722K(1081344K)
[2020-01-10T17:52:00.423+0000][gc           ] GC(51) Pause Young (Normal) (G1 Evacuation Pause) 194M->145M(1024M) 27.881ms
[2020-01-10T17:52:00.423+0000][gc,cpu       ] GC(51) User=0.02s Sys=0.00s Real=0.03s
[2020-01-10T17:52:44.233+0000][gc,start     ] GC(52) Pause Young (Normal) (G1 Evacuation Pause)
[2020-01-10T17:52:44.234+0000][gc,task      ] GC(52) Using 1 workers of 1 for evacuation
[2020-01-10T17:52:44.258+0000][gc,mmu       ] GC(52) MMU target violated: 21.0ms (20.0ms/21.0ms)
[2020-01-10T17:52:44.258+0000][gc,phases    ] GC(52)   Pre Evacuate Collection Set: 0.1ms
[2020-01-10T17:52:44.258+0000][gc,phases    ] GC(52)   Evacuate Collection Set: 18.9ms
[2020-01-10T17:52:44.258+0000][gc,phases    ] GC(52)   Post Evacuate Collection Set: 5.0ms
[2020-01-10T17:52:44.258+0000][gc,phases    ] GC(52)   Other: 0.3ms
[2020-01-10T17:52:44.258+0000][gc,heap      ] GC(52) Eden regions: 49->0(49)
[2020-01-10T17:52:44.258+0000][gc,heap      ] GC(52) Survivor regions: 2->2(7)
[2020-01-10T17:52:44.258+0000][gc,heap      ] GC(52) Old regions: 14->14
[2020-01-10T17:52:44.258+0000][gc,heap      ] GC(52) Archive regions: 2->2
[2020-01-10T17:52:44.258+0000][gc,heap      ] GC(52) Humongous regions: 130->130
[2020-01-10T17:52:44.258+0000][gc,metaspace ] GC(52) Metaspace: 35723K->35723K(1081344K)
[2020-01-10T17:52:44.258+0000][gc           ] GC(52) Pause Young (Normal) (G1 Evacuation Pause) 194M->146M(1024M) 24.442ms
[2020-01-10T17:52:44.258+0000][gc,cpu       ] GC(52) User=0.01s Sys=0.00s Real=0.02s
[2020-01-10T17:53:16.525+0000][gc,start     ] GC(53) Pause Young (Normal) (G1 Evacuation Pause)
[2020-01-10T17:53:16.525+0000][gc,task      ] GC(53) Using 1 workers of 1 for evacuation
[2020-01-10T17:53:16.542+0000][gc,phases    ] GC(53)   Pre Evacuate Collection Set: 0.1ms
[2020-01-10T17:53:16.542+0000][gc,phases    ] GC(53)   Evacuate Collection Set: 12.0ms
[2020-01-10T17:53:16.542+0000][gc,phases    ] GC(53)   Post Evacuate Collection Set: 4.8ms
[2020-01-10T17:53:16.542+0000][gc,phases    ] GC(53)   Other: 0.4ms
[2020-01-10T17:53:16.542+0000][gc,heap      ] GC(53) Eden regions: 49->0(49)
[2020-01-10T17:53:16.542+0000][gc,heap      ] GC(53) Survivor regions: 2->2(7)
[2020-01-10T17:53:16.542+0000][gc,heap      ] GC(53) Old regions: 14->14
[2020-01-10T17:53:16.542+0000][gc,heap      ] GC(53) Archive regions: 2->2
[2020-01-10T17:53:16.542+0000][gc,heap      ] GC(53) Humongous regions: 130->130
[2020-01-10T17:53:16.542+0000][gc,metaspace ] GC(53) Metaspace: 35723K->35723K(1081344K)
[2020-01-10T17:53:16.542+0000][gc           ] GC(53) Pause Young (Normal) (G1 Evacuation Pause) 195M->146M(1024M) 17.382ms
[2020-01-10T17:53:16.542+0000][gc,cpu       ] GC(53) User=0.01s Sys=0.00s Real=0.02s
[2020-01-10T17:53:27.301+0000][gc,start     ] GC(54) Pause Young (Normal) (G1 Evacuation Pause)
[2020-01-10T17:53:27.301+0000][gc,task      ] GC(54) Using 1 workers of 1 for evacuation
[2020-01-10T17:53:27.322+0000][gc,mmu       ] GC(54) MMU target violated: 21.0ms (20.0ms/21.0ms)
[2020-01-10T17:53:27.322+0000][gc,phases    ] GC(54)   Pre Evacuate Collection Set: 0.1ms
[2020-01-10T17:53:27.322+0000][gc,phases    ] GC(54)   Evacuate Collection Set: 11.8ms
[2020-01-10T17:53:27.322+0000][gc,phases    ] GC(54)   Post Evacuate Collection Set: 9.1ms
[2020-01-10T17:53:27.322+0000][gc,phases    ] GC(54)   Other: 0.4ms
[2020-01-10T17:53:27.322+0000][gc,heap      ] GC(54) Eden regions: 49->0(49)
[2020-01-10T17:53:27.322+0000][gc,heap      ] GC(54) Survivor regions: 2->2(7)
[2020-01-10T17:53:27.322+0000][gc,heap      ] GC(54) Old regions: 14->14
[2020-01-10T17:53:27.322+0000][gc,heap      ] GC(54) Archive regions: 2->2
[2020-01-10T17:53:27.322+0000][gc,heap      ] GC(54) Humongous regions: 130->130
[2020-01-10T17:53:27.322+0000][gc,metaspace ] GC(54) Metaspace: 35723K->35723K(1081344K)
[2020-01-10T17:53:27.322+0000][gc           ] GC(54) Pause Young (Normal) (G1 Evacuation Pause) 195M->146M(1024M) 21.400ms
[2020-01-10T17:53:27.322+0000][gc,cpu       ] GC(54) User=0.01s Sys=0.00s Real=0.03s
[2020-01-10T17:53:37.107+0000][gc,start     ] GC(55) Pause Young (Normal) (G1 Evacuation Pause)
[2020-01-10T17:53:37.107+0000][gc,task      ] GC(55) Using 1 workers of 1 for evacuation
[2020-01-10T17:53:37.126+0000][gc,phases    ] GC(55)   Pre Evacuate Collection Set: 0.1ms
[2020-01-10T17:53:37.126+0000][gc,phases    ] GC(55)   Evacuate Collection Set: 12.1ms
[2020-01-10T17:53:37.126+0000][gc,phases    ] GC(55)   Post Evacuate Collection Set: 6.6ms
[2020-01-10T17:53:37.126+0000][gc,phases    ] GC(55)   Other: 0.3ms
[2020-01-10T17:53:37.126+0000][gc,heap      ] GC(55) Eden regions: 49->0(49)
[2020-01-10T17:53:37.126+0000][gc,heap      ] GC(55) Survivor regions: 2->2(7)
[2020-01-10T17:53:37.126+0000][gc,heap      ] GC(55) Old regions: 14->14
[2020-01-10T17:53:37.126+0000][gc,heap      ] GC(55) Archive regions: 2->2
[2020-01-10T17:53:37.126+0000][gc,heap      ] GC(55) Humongous regions: 130->130
[2020-01-10T17:53:37.126+0000][gc,metaspace ] GC(55) Metaspace: 35723K->35723K(1081344K)
[2020-01-10T17:53:37.126+0000][gc           ] GC(55) Pause Young (Normal) (G1 Evacuation Pause) 195M->146M(1024M) 19.172ms
[2020-01-10T17:53:37.126+0000][gc,cpu       ] GC(55) User=0.01s Sys=0.00s Real=0.02s
[2020-01-10T18:05:29.991+0000][gc,start     ] GC(56) Pause Young (Normal) (G1 Evacuation Pause)
[2020-01-10T18:05:29.991+0000][gc,task      ] GC(56) Using 1 workers of 1 for evacuation
[2020-01-10T18:05:30.005+0000][gc,phases    ] GC(56)   Pre Evacuate Collection Set: 0.3ms
[2020-01-10T18:05:30.006+0000][gc,phases    ] GC(56)   Evacuate Collection Set: 11.6ms
[2020-01-10T18:05:30.006+0000][gc,phases    ] GC(56)   Post Evacuate Collection Set: 0.7ms
[2020-01-10T18:05:30.006+0000][gc,phases    ] GC(56)   Other: 1.5ms
[2020-01-10T18:05:30.006+0000][gc,heap      ] GC(56) Eden regions: 49->0(49)
[2020-01-10T18:05:30.006+0000][gc,heap      ] GC(56) Survivor regions: 2->2(7)
[2020-01-10T18:05:30.006+0000][gc,heap      ] GC(56) Old regions: 14->14
[2020-01-10T18:05:30.006+0000][gc,heap      ] GC(56) Archive regions: 2->2
[2020-01-10T18:05:30.006+0000][gc,heap      ] GC(56) Humongous regions: 130->130
[2020-01-10T18:05:30.006+0000][gc,metaspace ] GC(56) Metaspace: 35723K->35723K(1081344K)
[2020-01-10T18:05:30.006+0000][gc           ] GC(56) Pause Young (Normal) (G1 Evacuation Pause) 195M->146M(1024M) 15.535ms
[2020-01-10T18:05:30.006+0000][gc,cpu       ] GC(56) User=0.01s Sys=0.00s Real=0.01s
[2020-01-10T18:22:57.585+0000][gc,start     ] GC(57) Pause Young (Normal) (G1 Evacuation Pause)
[2020-01-10T18:22:57.585+0000][gc,task      ] GC(57) Using 1 workers of 1 for evacuation
[2020-01-10T18:22:57.614+0000][gc,mmu       ] GC(57) MMU target violated: 21.0ms (20.0ms/21.0ms)
[2020-01-10T18:22:57.614+0000][gc,phases    ] GC(57)   Pre Evacuate Collection Set: 0.3ms
[2020-01-10T18:22:57.614+0000][gc,phases    ] GC(57)   Evacuate Collection Set: 20.8ms
[2020-01-10T18:22:57.614+0000][gc,phases    ] GC(57)   Post Evacuate Collection Set: 2.3ms
[2020-01-10T18:22:57.614+0000][gc,phases    ] GC(57)   Other: 6.1ms
[2020-01-10T18:22:57.614+0000][gc,heap      ] GC(57) Eden regions: 49->0(49)
[2020-01-10T18:22:57.614+0000][gc,heap      ] GC(57) Survivor regions: 2->2(7)
[2020-01-10T18:22:57.614+0000][gc,heap      ] GC(57) Old regions: 14->14
[2020-01-10T18:22:57.614+0000][gc,heap      ] GC(57) Archive regions: 2->2
[2020-01-10T18:22:57.614+0000][gc,heap      ] GC(57) Humongous regions: 130->130
[2020-01-10T18:22:57.614+0000][gc,metaspace ] GC(57) Metaspace: 35723K->35723K(1081344K)
[2020-01-10T18:22:57.614+0000][gc           ] GC(57) Pause Young (Normal) (G1 Evacuation Pause) 195M->146M(1024M) 29.440ms
[2020-01-10T18:22:57.614+0000][gc,cpu       ] GC(57) User=0.03s Sys=0.00s Real=0.03s
[2020-01-10T18:31:44.820+0000][gc,start     ] GC(58) Pause Young (Normal) (G1 Evacuation Pause)
[2020-01-10T18:31:44.820+0000][gc,task      ] GC(58) Using 1 workers of 1 for evacuation
[2020-01-10T18:31:44.842+0000][gc,mmu       ] GC(58) MMU target violated: 21.0ms (20.0ms/21.0ms)
[2020-01-10T18:31:44.842+0000][gc,phases    ] GC(58)   Pre Evacuate Collection Set: 0.1ms
[2020-01-10T18:31:44.843+0000][gc,phases    ] GC(58)   Evacuate Collection Set: 21.0ms
[2020-01-10T18:31:44.843+0000][gc,phases    ] GC(58)   Post Evacuate Collection Set: 0.6ms
[2020-01-10T18:31:44.843+0000][gc,phases    ] GC(58)   Other: 0.7ms
[2020-01-10T18:31:44.843+0000][gc,heap      ] GC(58) Eden regions: 49->0(49)
[2020-01-10T18:31:44.843+0000][gc,heap      ] GC(58) Survivor regions: 2->2(7)
[2020-01-10T18:31:44.843+0000][gc,heap      ] GC(58) Old regions: 14->14
[2020-01-10T18:31:44.843+0000][gc,heap      ] GC(58) Archive regions: 2->2
[2020-01-10T18:31:44.843+0000][gc,heap      ] GC(58) Humongous regions: 130->130
[2020-01-10T18:31:44.843+0000][gc,metaspace ] GC(58) Metaspace: 35724K->35724K(1081344K)
[2020-01-10T18:31:44.843+0000][gc           ] GC(58) Pause Young (Normal) (G1 Evacuation Pause) 195M->146M(1024M) 22.617ms
[2020-01-10T18:31:44.843+0000][gc,cpu       ] GC(58) User=0.01s Sys=0.00s Real=0.03s
[2020-01-10T18:31:54.475+0000][gc,start     ] GC(59) Pause Young (Normal) (G1 Evacuation Pause)
[2020-01-10T18:31:54.475+0000][gc,task      ] GC(59) Using 1 workers of 1 for evacuation
[2020-01-10T18:31:54.494+0000][gc,phases    ] GC(59)   Pre Evacuate Collection Set: 0.1ms
[2020-01-10T18:31:54.494+0000][gc,phases    ] GC(59)   Evacuate Collection Set: 18.4ms
[2020-01-10T18:31:54.494+0000][gc,phases    ] GC(59)   Post Evacuate Collection Set: 0.4ms
[2020-01-10T18:31:54.494+0000][gc,phases    ] GC(59)   Other: 0.3ms
[2020-01-10T18:31:54.494+0000][gc,heap      ] GC(59) Eden regions: 49->0(49)
[2020-01-10T18:31:54.494+0000][gc,heap      ] GC(59) Survivor regions: 2->2(7)
[2020-01-10T18:31:54.494+0000][gc,heap      ] GC(59) Old regions: 14->14
[2020-01-10T18:31:54.494+0000][gc,heap      ] GC(59) Archive regions: 2->2
[2020-01-10T18:31:54.494+0000][gc,heap      ] GC(59) Humongous regions: 130->130
[2020-01-10T18:31:54.494+0000][gc,metaspace ] GC(59) Metaspace: 35724K->35724K(1081344K)
[2020-01-10T18:31:54.494+0000][gc           ] GC(59) Pause Young (Normal) (G1 Evacuation Pause) 195M->146M(1024M) 19.220ms
[2020-01-10T18:31:54.494+0000][gc,cpu       ] GC(59) User=0.01s Sys=0.00s Real=0.02s
[2020-01-10T18:33:50.042+0000][gc,start     ] GC(60) Pause Young (Normal) (G1 Evacuation Pause)
[2020-01-10T18:33:50.042+0000][gc,task      ] GC(60) Using 1 workers of 1 for evacuation
[2020-01-10T18:33:50.053+0000][gc,phases    ] GC(60)   Pre Evacuate Collection Set: 0.1ms
[2020-01-10T18:33:50.053+0000][gc,phases    ] GC(60)   Evacuate Collection Set: 9.8ms
[2020-01-10T18:33:50.053+0000][gc,phases    ] GC(60)   Post Evacuate Collection Set: 0.4ms
[2020-01-10T18:33:50.053+0000][gc,phases    ] GC(60)   Other: 0.5ms
[2020-01-10T18:33:50.053+0000][gc,heap      ] GC(60) Eden regions: 49->0(49)
[2020-01-10T18:33:50.053+0000][gc,heap      ] GC(60) Survivor regions: 2->3(7)
[2020-01-10T18:33:50.053+0000][gc,heap      ] GC(60) Old regions: 14->14
[2020-01-10T18:33:50.053+0000][gc,heap      ] GC(60) Archive regions: 2->2
[2020-01-10T18:33:50.053+0000][gc,heap      ] GC(60) Humongous regions: 130->130
[2020-01-10T18:33:50.053+0000][gc,metaspace ] GC(60) Metaspace: 35724K->35724K(1081344K)
[2020-01-10T18:33:50.053+0000][gc           ] GC(60) Pause Young (Normal) (G1 Evacuation Pause) 195M->146M(1024M) 10.931ms
[2020-01-10T18:33:50.053+0000][gc,cpu       ] GC(60) User=0.01s Sys=0.00s Real=0.01s
[2020-01-10T18:38:17.402+0000][gc,start     ] GC(61) Pause Young (Normal) (G1 Evacuation Pause)
[2020-01-10T18:38:17.402+0000][gc,task      ] GC(61) Using 1 workers of 1 for evacuation
[2020-01-10T18:38:17.415+0000][gc,phases    ] GC(61)   Pre Evacuate Collection Set: 0.1ms
[2020-01-10T18:38:17.415+0000][gc,phases    ] GC(61)   Evacuate Collection Set: 12.5ms
[2020-01-10T18:38:17.415+0000][gc,phases    ] GC(61)   Post Evacuate Collection Set: 0.4ms
[2020-01-10T18:38:17.415+0000][gc,phases    ] GC(61)   Other: 0.4ms
[2020-01-10T18:38:17.415+0000][gc,heap      ] GC(61) Eden regions: 49->0(49)
[2020-01-10T18:38:17.415+0000][gc,heap      ] GC(61) Survivor regions: 3->2(7)
[2020-01-10T18:38:17.415+0000][gc,heap      ] GC(61) Old regions: 14->14
[2020-01-10T18:38:17.415+0000][gc,heap      ] GC(61) Archive regions: 2->2
[2020-01-10T18:38:17.415+0000][gc,heap      ] GC(61) Humongous regions: 130->130
[2020-01-10T18:38:17.415+0000][gc,metaspace ] GC(61) Metaspace: 35735K->35735K(1081344K)
[2020-01-10T18:38:17.416+0000][gc           ] GC(61) Pause Young (Normal) (G1 Evacuation Pause) 195M->146M(1024M) 13.571ms
[2020-01-10T18:38:17.416+0000][gc,cpu       ] GC(61) User=0.01s Sys=0.00s Real=0.01s
[2020-01-10T18:38:33.345+0000][gc,start     ] GC(62) Pause Young (Normal) (G1 Evacuation Pause)
[2020-01-10T18:38:33.345+0000][gc,task      ] GC(62) Using 1 workers of 1 for evacuation
[2020-01-10T18:38:33.358+0000][gc,phases    ] GC(62)   Pre Evacuate Collection Set: 0.1ms
[2020-01-10T18:38:33.358+0000][gc,phases    ] GC(62)   Evacuate Collection Set: 11.4ms
[2020-01-10T18:38:33.358+0000][gc,phases    ] GC(62)   Post Evacuate Collection Set: 1.5ms
[2020-01-10T18:38:33.358+0000][gc,phases    ] GC(62)   Other: 0.3ms
[2020-01-10T18:38:33.358+0000][gc,heap      ] GC(62) Eden regions: 49->0(49)
[2020-01-10T18:38:33.358+0000][gc,heap      ] GC(62) Survivor regions: 2->2(7)
[2020-01-10T18:38:33.358+0000][gc,heap      ] GC(62) Old regions: 14->14
[2020-01-10T18:38:33.358+0000][gc,heap      ] GC(62) Archive regions: 2->2
[2020-01-10T18:38:33.358+0000][gc,heap      ] GC(62) Humongous regions: 130->130
[2020-01-10T18:38:33.358+0000][gc,metaspace ] GC(62) Metaspace: 35735K->35735K(1081344K)
[2020-01-10T18:38:33.358+0000][gc           ] GC(62) Pause Young (Normal) (G1 Evacuation Pause) 195M->146M(1024M) 13.272ms
[2020-01-10T18:38:33.358+0000][gc,cpu       ] GC(62) User=0.00s Sys=0.00s Real=0.01s
[2020-01-10T18:39:01.260+0000][gc,start     ] GC(63) Pause Young (Normal) (G1 Evacuation Pause)
[2020-01-10T18:39:01.260+0000][gc,task      ] GC(63) Using 1 workers of 1 for evacuation
[2020-01-10T18:39:01.273+0000][gc,phases    ] GC(63)   Pre Evacuate Collection Set: 0.1ms
[2020-01-10T18:39:01.273+0000][gc,phases    ] GC(63)   Evacuate Collection Set: 11.5ms
[2020-01-10T18:39:01.273+0000][gc,phases    ] GC(63)   Post Evacuate Collection Set: 1.6ms
[2020-01-10T18:39:01.273+0000][gc,phases    ] GC(63)   Other: 0.3ms
[2020-01-10T18:39:01.273+0000][gc,heap      ] GC(63) Eden regions: 49->0(49)
[2020-01-10T18:39:01.273+0000][gc,heap      ] GC(63) Survivor regions: 2->2(7)
[2020-01-10T18:39:01.273+0000][gc,heap      ] GC(63) Old regions: 14->14
[2020-01-10T18:39:01.273+0000][gc,heap      ] GC(63) Archive regions: 2->2
[2020-01-10T18:39:01.273+0000][gc,heap      ] GC(63) Humongous regions: 130->130
[2020-01-10T18:39:01.273+0000][gc,metaspace ] GC(63) Metaspace: 35736K->35736K(1081344K)
[2020-01-10T18:39:01.273+0000][gc           ] GC(63) Pause Young (Normal) (G1 Evacuation Pause) 195M->146M(1024M) 13.578ms
[2020-01-10T18:39:01.273+0000][gc,cpu       ] GC(63) User=0.01s Sys=0.00s Real=0.02s
[2020-01-10T18:39:50.920+0000][gc,start     ] GC(64) Pause Young (Normal) (G1 Evacuation Pause)
[2020-01-10T18:39:50.920+0000][gc,task      ] GC(64) Using 1 workers of 1 for evacuation
[2020-01-10T18:39:50.938+0000][gc,phases    ] GC(64)   Pre Evacuate Collection Set: 0.1ms
[2020-01-10T18:39:50.938+0000][gc,phases    ] GC(64)   Evacuate Collection Set: 11.2ms
[2020-01-10T18:39:50.938+0000][gc,phases    ] GC(64)   Post Evacuate Collection Set: 6.0ms
[2020-01-10T18:39:50.938+0000][gc,phases    ] GC(64)   Other: 0.4ms
[2020-01-10T18:39:50.938+0000][gc,heap      ] GC(64) Eden regions: 49->0(49)
[2020-01-10T18:39:50.938+0000][gc,heap      ] GC(64) Survivor regions: 2->2(7)
[2020-01-10T18:39:50.938+0000][gc,heap      ] GC(64) Old regions: 14->14
[2020-01-10T18:39:50.938+0000][gc,heap      ] GC(64) Archive regions: 2->2
[2020-01-10T18:39:50.938+0000][gc,heap      ] GC(64) Humongous regions: 130->130
[2020-01-10T18:39:50.938+0000][gc,metaspace ] GC(64) Metaspace: 35737K->35737K(1081344K)
[2020-01-10T18:39:50.938+0000][gc           ] GC(64) Pause Young (Normal) (G1 Evacuation Pause) 195M->146M(1024M) 17.767ms
[2020-01-10T18:39:50.938+0000][gc,cpu       ] GC(64) User=0.01s Sys=0.00s Real=0.02s
[2020-01-10T18:40:01.638+0000][gc,start     ] GC(65) Pause Young (Normal) (G1 Evacuation Pause)
[2020-01-10T18:40:01.638+0000][gc,task      ] GC(65) Using 1 workers of 1 for evacuation
[2020-01-10T18:40:01.654+0000][gc,phases    ] GC(65)   Pre Evacuate Collection Set: 0.1ms
[2020-01-10T18:40:01.654+0000][gc,phases    ] GC(65)   Evacuate Collection Set: 10.7ms
[2020-01-10T18:40:01.654+0000][gc,phases    ] GC(65)   Post Evacuate Collection Set: 4.2ms
[2020-01-10T18:40:01.654+0000][gc,phases    ] GC(65)   Other: 0.3ms
[2020-01-10T18:40:01.654+0000][gc,heap      ] GC(65) Eden regions: 49->0(49)
[2020-01-10T18:40:01.654+0000][gc,heap      ] GC(65) Survivor regions: 2->2(7)
[2020-01-10T18:40:01.654+0000][gc,heap      ] GC(65) Old regions: 14->14
[2020-01-10T18:40:01.654+0000][gc,heap      ] GC(65) Archive regions: 2->2
[2020-01-10T18:40:01.654+0000][gc,heap      ] GC(65) Humongous regions: 130->130
[2020-01-10T18:40:01.654+0000][gc,metaspace ] GC(65) Metaspace: 35737K->35737K(1081344K)
[2020-01-10T18:40:01.654+0000][gc           ] GC(65) Pause Young (Normal) (G1 Evacuation Pause) 195M->146M(1024M) 15.348ms
[2020-01-10T18:40:01.654+0000][gc,cpu       ] GC(65) User=0.01s Sys=0.01s Real=0.02s
[2020-01-10T18:41:15.080+0000][gc,start     ] GC(66) Pause Young (Normal) (G1 Evacuation Pause)
[2020-01-10T18:41:15.080+0000][gc,task      ] GC(66) Using 1 workers of 1 for evacuation
[2020-01-10T18:41:15.098+0000][gc,phases    ] GC(66)   Pre Evacuate Collection Set: 0.1ms
[2020-01-10T18:41:15.098+0000][gc,phases    ] GC(66)   Evacuate Collection Set: 11.4ms
[2020-01-10T18:41:15.098+0000][gc,phases    ] GC(66)   Post Evacuate Collection Set: 5.7ms
[2020-01-10T18:41:15.098+0000][gc,phases    ] GC(66)   Other: 0.4ms
[2020-01-10T18:41:15.098+0000][gc,heap      ] GC(66) Eden regions: 49->0(49)
[2020-01-10T18:41:15.098+0000][gc,heap      ] GC(66) Survivor regions: 2->2(7)
[2020-01-10T18:41:15.098+0000][gc,heap      ] GC(66) Old regions: 14->14
[2020-01-10T18:41:15.098+0000][gc,heap      ] GC(66) Archive regions: 2->2
[2020-01-10T18:41:15.098+0000][gc,heap      ] GC(66) Humongous regions: 130->130
[2020-01-10T18:41:15.098+0000][gc,metaspace ] GC(66) Metaspace: 35741K->35741K(1081344K)
[2020-01-10T18:41:15.098+0000][gc           ] GC(66) Pause Young (Normal) (G1 Evacuation Pause) 195M->146M(1024M) 17.660ms
[2020-01-10T18:41:15.098+0000][gc,cpu       ] GC(66) User=0.00s Sys=0.00s Real=0.02s
[2020-01-10T18:41:24.536+0000][gc,start     ] GC(67) Pause Young (Normal) (G1 Evacuation Pause)
[2020-01-10T18:41:24.536+0000][gc,task      ] GC(67) Using 1 workers of 1 for evacuation
[2020-01-10T18:41:24.552+0000][gc,phases    ] GC(67)   Pre Evacuate Collection Set: 0.1ms
[2020-01-10T18:41:24.552+0000][gc,phases    ] GC(67)   Evacuate Collection Set: 15.5ms
[2020-01-10T18:41:24.552+0000][gc,phases    ] GC(67)   Post Evacuate Collection Set: 0.4ms
[2020-01-10T18:41:24.552+0000][gc,phases    ] GC(67)   Other: 0.3ms
[2020-01-10T18:41:24.552+0000][gc,heap      ] GC(67) Eden regions: 49->0(49)
[2020-01-10T18:41:24.552+0000][gc,heap      ] GC(67) Survivor regions: 2->2(7)
[2020-01-10T18:41:24.552+0000][gc,heap      ] GC(67) Old regions: 14->14
[2020-01-10T18:41:24.552+0000][gc,heap      ] GC(67) Archive regions: 2->2
[2020-01-10T18:41:24.552+0000][gc,heap      ] GC(67) Humongous regions: 130->130
[2020-01-10T18:41:24.552+0000][gc,metaspace ] GC(67) Metaspace: 35741K->35741K(1081344K)
[2020-01-10T18:41:24.552+0000][gc           ] GC(67) Pause Young (Normal) (G1 Evacuation Pause) 195M->146M(1024M) 16.409ms
[2020-01-10T18:41:24.552+0000][gc,cpu       ] GC(67) User=0.00s Sys=0.00s Real=0.02s
[2020-01-10T18:42:46.908+0000][gc,start     ] GC(68) Pause Young (Normal) (G1 Evacuation Pause)
[2020-01-10T18:42:46.908+0000][gc,task      ] GC(68) Using 1 workers of 1 for evacuation
[2020-01-10T18:42:46.926+0000][gc,phases    ] GC(68)   Pre Evacuate Collection Set: 0.1ms
[2020-01-10T18:42:46.926+0000][gc,phases    ] GC(68)   Evacuate Collection Set: 11.6ms
[2020-01-10T18:42:46.926+0000][gc,phases    ] GC(68)   Post Evacuate Collection Set: 6.0ms
[2020-01-10T18:42:46.926+0000][gc,phases    ] GC(68)   Other: 0.4ms
[2020-01-10T18:42:46.926+0000][gc,heap      ] GC(68) Eden regions: 49->0(49)
[2020-01-10T18:42:46.926+0000][gc,heap      ] GC(68) Survivor regions: 2->2(7)
[2020-01-10T18:42:46.926+0000][gc,heap      ] GC(68) Old regions: 14->14
[2020-01-10T18:42:46.926+0000][gc,heap      ] GC(68) Archive regions: 2->2
[2020-01-10T18:42:46.926+0000][gc,heap      ] GC(68) Humongous regions: 130->130
[2020-01-10T18:42:46.926+0000][gc,metaspace ] GC(68) Metaspace: 35754K->35754K(1081344K)
[2020-01-10T18:42:46.926+0000][gc           ] GC(68) Pause Young (Normal) (G1 Evacuation Pause) 195M->146M(1024M) 18.113ms
[2020-01-10T18:42:46.926+0000][gc,cpu       ] GC(68) User=0.01s Sys=0.00s Real=0.02s
[2020-01-10T18:42:56.238+0000][gc,start     ] GC(69) Pause Young (Normal) (G1 Evacuation Pause)
[2020-01-10T18:42:56.238+0000][gc,task      ] GC(69) Using 1 workers of 1 for evacuation
[2020-01-10T18:42:56.258+0000][gc,phases    ] GC(69)   Pre Evacuate Collection Set: 0.1ms
[2020-01-10T18:42:56.258+0000][gc,phases    ] GC(69)   Evacuate Collection Set: 10.3ms
[2020-01-10T18:42:56.258+0000][gc,phases    ] GC(69)   Post Evacuate Collection Set: 9.1ms
[2020-01-10T18:42:56.258+0000][gc,phases    ] GC(69)   Other: 0.3ms
[2020-01-10T18:42:56.258+0000][gc,heap      ] GC(69) Eden regions: 49->0(49)
[2020-01-10T18:42:56.258+0000][gc,heap      ] GC(69) Survivor regions: 2->2(7)
[2020-01-10T18:42:56.258+0000][gc,heap      ] GC(69) Old regions: 14->14
[2020-01-10T18:42:56.258+0000][gc,heap      ] GC(69) Archive regions: 2->2
[2020-01-10T18:42:56.258+0000][gc,heap      ] GC(69) Humongous regions: 130->130
[2020-01-10T18:42:56.258+0000][gc,metaspace ] GC(69) Metaspace: 35754K->35754K(1081344K)
[2020-01-10T18:42:56.258+0000][gc           ] GC(69) Pause Young (Normal) (G1 Evacuation Pause) 195M->146M(1024M) 19.859ms
[2020-01-10T18:42:56.258+0000][gc,cpu       ] GC(69) User=0.01s Sys=0.00s Real=0.02s
[2020-01-10T18:43:29.128+0000][gc,start     ] GC(70) Pause Young (Normal) (G1 Evacuation Pause)
[2020-01-10T18:43:29.128+0000][gc,task      ] GC(70) Using 1 workers of 1 for evacuation
[2020-01-10T18:43:29.146+0000][gc,phases    ] GC(70)   Pre Evacuate Collection Set: 0.1ms
[2020-01-10T18:43:29.146+0000][gc,phases    ] GC(70)   Evacuate Collection Set: 16.8ms
[2020-01-10T18:43:29.146+0000][gc,phases    ] GC(70)   Post Evacuate Collection Set: 0.4ms
[2020-01-10T18:43:29.146+0000][gc,phases    ] GC(70)   Other: 0.4ms
[2020-01-10T18:43:29.146+0000][gc,heap      ] GC(70) Eden regions: 49->0(49)
[2020-01-10T18:43:29.146+0000][gc,heap      ] GC(70) Survivor regions: 2->2(7)
[2020-01-10T18:43:29.146+0000][gc,heap      ] GC(70) Old regions: 14->14
[2020-01-10T18:43:29.146+0000][gc,heap      ] GC(70) Archive regions: 2->2
[2020-01-10T18:43:29.146+0000][gc,heap      ] GC(70) Humongous regions: 130->130
[2020-01-10T18:43:29.146+0000][gc,metaspace ] GC(70) Metaspace: 35754K->35754K(1081344K)
[2020-01-10T18:43:29.146+0000][gc           ] GC(70) Pause Young (Normal) (G1 Evacuation Pause) 195M->146M(1024M) 17.849ms
[2020-01-10T18:43:29.146+0000][gc,cpu       ] GC(70) User=0.01s Sys=0.00s Real=0.02s
[2020-01-10T18:43:38.709+0000][gc,start     ] GC(71) Pause Young (Normal) (G1 Evacuation Pause)
[2020-01-10T18:43:38.709+0000][gc,task      ] GC(71) Using 1 workers of 1 for evacuation
[2020-01-10T18:43:38.728+0000][gc,phases    ] GC(71)   Pre Evacuate Collection Set: 0.1ms
[2020-01-10T18:43:38.728+0000][gc,phases    ] GC(71)   Evacuate Collection Set: 11.2ms
[2020-01-10T18:43:38.728+0000][gc,phases    ] GC(71)   Post Evacuate Collection Set: 7.3ms
[2020-01-10T18:43:38.728+0000][gc,phases    ] GC(71)   Other: 0.3ms
[2020-01-10T18:43:38.728+0000][gc,heap      ] GC(71) Eden regions: 49->0(49)
[2020-01-10T18:43:38.728+0000][gc,heap      ] GC(71) Survivor regions: 2->2(7)
[2020-01-10T18:43:38.728+0000][gc,heap      ] GC(71) Old regions: 14->14
[2020-01-10T18:43:38.728+0000][gc,heap      ] GC(71) Archive regions: 2->2
[2020-01-10T18:43:38.728+0000][gc,heap      ] GC(71) Humongous regions: 130->130
[2020-01-10T18:43:38.728+0000][gc,metaspace ] GC(71) Metaspace: 35754K->35754K(1081344K)
[2020-01-10T18:43:38.728+0000][gc           ] GC(71) Pause Young (Normal) (G1 Evacuation Pause) 195M->146M(1024M) 18.952ms
[2020-01-10T18:43:38.728+0000][gc,cpu       ] GC(71) User=0.01s Sys=0.00s Real=0.02s
[2020-01-10T18:45:06.679+0000][gc,start     ] GC(72) Pause Young (Normal) (G1 Evacuation Pause)
[2020-01-10T18:45:06.679+0000][gc,task      ] GC(72) Using 1 workers of 1 for evacuation
[2020-01-10T18:45:06.688+0000][gc,phases    ] GC(72)   Pre Evacuate Collection Set: 0.1ms
[2020-01-10T18:45:06.688+0000][gc,phases    ] GC(72)   Evacuate Collection Set: 8.4ms
[2020-01-10T18:45:06.688+0000][gc,phases    ] GC(72)   Post Evacuate Collection Set: 0.4ms
[2020-01-10T18:45:06.688+0000][gc,phases    ] GC(72)   Other: 0.4ms
[2020-01-10T18:45:06.688+0000][gc,heap      ] GC(72) Eden regions: 49->0(50)
[2020-01-10T18:45:06.688+0000][gc,heap      ] GC(72) Survivor regions: 2->3(7)
[2020-01-10T18:45:06.688+0000][gc,heap      ] GC(72) Old regions: 14->14
[2020-01-10T18:45:06.688+0000][gc,heap      ] GC(72) Archive regions: 2->2
[2020-01-10T18:45:06.688+0000][gc,heap      ] GC(72) Humongous regions: 130->130
[2020-01-10T18:45:06.688+0000][gc,metaspace ] GC(72) Metaspace: 35754K->35754K(1081344K)
[2020-01-10T18:45:06.688+0000][gc           ] GC(72) Pause Young (Normal) (G1 Evacuation Pause) 195M->146M(1024M) 9.375ms
[2020-01-10T18:45:06.688+0000][gc,cpu       ] GC(72) User=0.01s Sys=0.00s Real=0.01s
[2020-01-10T18:47:01.971+0000][gc,start     ] GC(73) Pause Young (Normal) (G1 Evacuation Pause)
[2020-01-10T18:47:01.971+0000][gc,task      ] GC(73) Using 1 workers of 1 for evacuation
[2020-01-10T18:47:01.995+0000][gc,mmu       ] GC(73) MMU target violated: 21.0ms (20.0ms/21.0ms)
[2020-01-10T18:47:01.995+0000][gc,phases    ] GC(73)   Pre Evacuate Collection Set: 0.1ms
[2020-01-10T18:47:01.995+0000][gc,phases    ] GC(73)   Evacuate Collection Set: 22.9ms
[2020-01-10T18:47:01.995+0000][gc,phases    ] GC(73)   Post Evacuate Collection Set: 0.4ms
[2020-01-10T18:47:01.995+0000][gc,phases    ] GC(73)   Other: 0.5ms
[2020-01-10T18:47:01.995+0000][gc,heap      ] GC(73) Eden regions: 50->0(49)
[2020-01-10T18:47:01.995+0000][gc,heap      ] GC(73) Survivor regions: 3->2(7)
[2020-01-10T18:47:01.995+0000][gc,heap      ] GC(73) Old regions: 14->14
[2020-01-10T18:47:01.995+0000][gc,heap      ] GC(73) Archive regions: 2->2
[2020-01-10T18:47:01.995+0000][gc,heap      ] GC(73) Humongous regions: 130->130
[2020-01-10T18:47:01.995+0000][gc,metaspace ] GC(73) Metaspace: 35777K->35777K(1081344K)
[2020-01-10T18:47:01.995+0000][gc           ] GC(73) Pause Young (Normal) (G1 Evacuation Pause) 196M->146M(1024M) 23.982ms
[2020-01-10T18:47:01.995+0000][gc,cpu       ] GC(73) User=0.02s Sys=0.00s Real=0.02s
[2020-01-10T18:47:11.391+0000][gc,start     ] GC(74) Pause Young (Normal) (G1 Evacuation Pause)
[2020-01-10T18:47:11.392+0000][gc,task      ] GC(74) Using 1 workers of 1 for evacuation
[2020-01-10T18:47:11.405+0000][gc,phases    ] GC(74)   Pre Evacuate Collection Set: 0.1ms
[2020-01-10T18:47:11.405+0000][gc,phases    ] GC(74)   Evacuate Collection Set: 11.0ms
[2020-01-10T18:47:11.405+0000][gc,phases    ] GC(74)   Post Evacuate Collection Set: 1.8ms
[2020-01-10T18:47:11.405+0000][gc,phases    ] GC(74)   Other: 0.3ms
[2020-01-10T18:47:11.405+0000][gc,heap      ] GC(74) Eden regions: 49->0(49)
[2020-01-10T18:47:11.405+0000][gc,heap      ] GC(74) Survivor regions: 2->2(7)
[2020-01-10T18:47:11.405+0000][gc,heap      ] GC(74) Old regions: 14->14
[2020-01-10T18:47:11.405+0000][gc,heap      ] GC(74) Archive regions: 2->2
[2020-01-10T18:47:11.405+0000][gc,heap      ] GC(74) Humongous regions: 130->130
[2020-01-10T18:47:11.405+0000][gc,metaspace ] GC(74) Metaspace: 35777K->35777K(1081344K)
[2020-01-10T18:47:11.405+0000][gc           ] GC(74) Pause Young (Normal) (G1 Evacuation Pause) 195M->146M(1024M) 13.377ms
[2020-01-10T18:47:11.405+0000][gc,cpu       ] GC(74) User=0.00s Sys=0.00s Real=0.01s
[2020-01-10T18:47:20.879+0000][gc,start     ] GC(75) Pause Young (Normal) (G1 Evacuation Pause)
[2020-01-10T18:47:20.879+0000][gc,task      ] GC(75) Using 1 workers of 1 for evacuation
[2020-01-10T18:47:20.890+0000][gc,phases    ] GC(75)   Pre Evacuate Collection Set: 0.1ms
[2020-01-10T18:47:20.890+0000][gc,phases    ] GC(75)   Evacuate Collection Set: 10.6ms
[2020-01-10T18:47:20.890+0000][gc,phases    ] GC(75)   Post Evacuate Collection Set: 0.4ms
[2020-01-10T18:47:20.890+0000][gc,phases    ] GC(75)   Other: 0.4ms
[2020-01-10T18:47:20.890+0000][gc,heap      ] GC(75) Eden regions: 49->0(49)
[2020-01-10T18:47:20.890+0000][gc,heap      ] GC(75) Survivor regions: 2->2(7)
[2020-01-10T18:47:20.890+0000][gc,heap      ] GC(75) Old regions: 14->14
[2020-01-10T18:47:20.890+0000][gc,heap      ] GC(75) Archive regions: 2->2
[2020-01-10T18:47:20.890+0000][gc,heap      ] GC(75) Humongous regions: 130->130
[2020-01-10T18:47:20.890+0000][gc,metaspace ] GC(75) Metaspace: 35777K->35777K(1081344K)
[2020-01-10T18:47:20.890+0000][gc           ] GC(75) Pause Young (Normal) (G1 Evacuation Pause) 195M->146M(1024M) 11.537ms
[2020-01-10T18:47:20.890+0000][gc,cpu       ] GC(75) User=0.01s Sys=0.00s Real=0.02s
[2020-01-10T18:51:54.268+0000][gc,start     ] GC(76) Pause Young (Normal) (G1 Evacuation Pause)
[2020-01-10T18:51:54.268+0000][gc,task      ] GC(76) Using 1 workers of 1 for evacuation
[2020-01-10T18:51:54.285+0000][gc,phases    ] GC(76)   Pre Evacuate Collection Set: 0.1ms
[2020-01-10T18:51:54.285+0000][gc,phases    ] GC(76)   Evacuate Collection Set: 10.9ms
[2020-01-10T18:51:54.285+0000][gc,phases    ] GC(76)   Post Evacuate Collection Set: 5.7ms
[2020-01-10T18:51:54.285+0000][gc,phases    ] GC(76)   Other: 0.4ms
[2020-01-10T18:51:54.285+0000][gc,heap      ] GC(76) Eden regions: 49->0(49)
[2020-01-10T18:51:54.285+0000][gc,heap      ] GC(76) Survivor regions: 2->2(7)
[2020-01-10T18:51:54.285+0000][gc,heap      ] GC(76) Old regions: 14->14
[2020-01-10T18:51:54.285+0000][gc,heap      ] GC(76) Archive regions: 2->2
[2020-01-10T18:51:54.285+0000][gc,heap      ] GC(76) Humongous regions: 130->130
[2020-01-10T18:51:54.285+0000][gc,metaspace ] GC(76) Metaspace: 35777K->35777K(1081344K)
[2020-01-10T18:51:54.285+0000][gc           ] GC(76) Pause Young (Normal) (G1 Evacuation Pause) 195M->146M(1024M) 17.257ms
[2020-01-10T18:51:54.285+0000][gc,cpu       ] GC(76) User=0.01s Sys=0.00s Real=0.02s
[2020-01-10T18:52:03.871+0000][gc,start     ] GC(77) Pause Young (Normal) (G1 Evacuation Pause)
[2020-01-10T18:52:03.871+0000][gc,task      ] GC(77) Using 1 workers of 1 for evacuation
[2020-01-10T18:52:03.888+0000][gc,phases    ] GC(77)   Pre Evacuate Collection Set: 0.1ms
[2020-01-10T18:52:03.889+0000][gc,phases    ] GC(77)   Evacuate Collection Set: 10.9ms
[2020-01-10T18:52:03.889+0000][gc,phases    ] GC(77)   Post Evacuate Collection Set: 6.2ms
[2020-01-10T18:52:03.889+0000][gc,phases    ] GC(77)   Other: 0.3ms
[2020-01-10T18:52:03.889+0000][gc,heap      ] GC(77) Eden regions: 49->0(49)
[2020-01-10T18:52:03.889+0000][gc,heap      ] GC(77) Survivor regions: 2->2(7)
[2020-01-10T18:52:03.889+0000][gc,heap      ] GC(77) Old regions: 14->14
[2020-01-10T18:52:03.889+0000][gc,heap      ] GC(77) Archive regions: 2->2
[2020-01-10T18:52:03.889+0000][gc,heap      ] GC(77) Humongous regions: 130->130
[2020-01-10T18:52:03.889+0000][gc,metaspace ] GC(77) Metaspace: 35777K->35777K(1081344K)
[2020-01-10T18:52:03.889+0000][gc           ] GC(77) Pause Young (Normal) (G1 Evacuation Pause) 195M->146M(1024M) 17.633ms
[2020-01-10T18:52:03.889+0000][gc,cpu       ] GC(77) User=0.01s Sys=0.00s Real=0.01s
[2020-01-10T18:56:27.329+0000][gc,start     ] GC(78) Pause Young (Normal) (G1 Evacuation Pause)
[2020-01-10T18:56:27.329+0000][gc,task      ] GC(78) Using 1 workers of 1 for evacuation
[2020-01-10T18:56:27.339+0000][gc,phases    ] GC(78)   Pre Evacuate Collection Set: 0.1ms
[2020-01-10T18:56:27.339+0000][gc,phases    ] GC(78)   Evacuate Collection Set: 9.3ms
[2020-01-10T18:56:27.339+0000][gc,phases    ] GC(78)   Post Evacuate Collection Set: 0.4ms
[2020-01-10T18:56:27.339+0000][gc,phases    ] GC(78)   Other: 0.4ms
[2020-01-10T18:56:27.339+0000][gc,heap      ] GC(78) Eden regions: 49->0(51)
[2020-01-10T18:56:27.339+0000][gc,heap      ] GC(78) Survivor regions: 2->3(7)
[2020-01-10T18:56:27.339+0000][gc,heap      ] GC(78) Old regions: 14->14
[2020-01-10T18:56:27.339+0000][gc,heap      ] GC(78) Archive regions: 2->2
[2020-01-10T18:56:27.339+0000][gc,heap      ] GC(78) Humongous regions: 130->130
[2020-01-10T18:56:27.339+0000][gc,metaspace ] GC(78) Metaspace: 35777K->35777K(1081344K)
[2020-01-10T18:56:27.339+0000][gc           ] GC(78) Pause Young (Normal) (G1 Evacuation Pause) 195M->146M(1024M) 10.404ms
[2020-01-10T18:56:27.339+0000][gc,cpu       ] GC(78) User=0.01s Sys=0.00s Real=0.01s
[2020-01-10T19:14:17.382+0000][gc,start     ] GC(79) Pause Young (Normal) (G1 Evacuation Pause)
[2020-01-10T19:14:17.382+0000][gc,task      ] GC(79) Using 1 workers of 1 for evacuation
[2020-01-10T19:14:17.395+0000][gc,phases    ] GC(79)   Pre Evacuate Collection Set: 0.1ms
[2020-01-10T19:14:17.395+0000][gc,phases    ] GC(79)   Evacuate Collection Set: 12.5ms
[2020-01-10T19:14:17.395+0000][gc,phases    ] GC(79)   Post Evacuate Collection Set: 0.4ms
[2020-01-10T19:14:17.395+0000][gc,phases    ] GC(79)   Other: 0.5ms
[2020-01-10T19:14:17.395+0000][gc,heap      ] GC(79) Eden regions: 51->0(51)
[2020-01-10T19:14:17.395+0000][gc,heap      ] GC(79) Survivor regions: 3->3(7)
[2020-01-10T19:14:17.395+0000][gc,heap      ] GC(79) Old regions: 14->14
[2020-01-10T19:14:17.395+0000][gc,heap      ] GC(79) Archive regions: 2->2
[2020-01-10T19:14:17.395+0000][gc,heap      ] GC(79) Humongous regions: 130->130
[2020-01-10T19:14:17.395+0000][gc,metaspace ] GC(79) Metaspace: 35777K->35777K(1081344K)
[2020-01-10T19:14:17.395+0000][gc           ] GC(79) Pause Young (Normal) (G1 Evacuation Pause) 197M->147M(1024M) 13.604ms
[2020-01-10T19:14:17.396+0000][gc,cpu       ] GC(79) User=0.01s Sys=0.00s Real=0.01s
[2020-01-10T19:32:54.991+0000][gc,start     ] GC(80) Pause Young (Normal) (G1 Evacuation Pause)
[2020-01-10T19:32:54.991+0000][gc,task      ] GC(80) Using 1 workers of 1 for evacuation
[2020-01-10T19:32:54.999+0000][gc,phases    ] GC(80)   Pre Evacuate Collection Set: 0.1ms
[2020-01-10T19:32:54.999+0000][gc,phases    ] GC(80)   Evacuate Collection Set: 7.4ms
[2020-01-10T19:32:54.999+0000][gc,phases    ] GC(80)   Post Evacuate Collection Set: 0.4ms
[2020-01-10T19:32:54.999+0000][gc,phases    ] GC(80)   Other: 0.5ms
[2020-01-10T19:32:54.999+0000][gc,heap      ] GC(80) Eden regions: 51->0(53)
[2020-01-10T19:32:54.999+0000][gc,heap      ] GC(80) Survivor regions: 3->3(7)
[2020-01-10T19:32:54.999+0000][gc,heap      ] GC(80) Old regions: 14->14
[2020-01-10T19:32:54.999+0000][gc,heap      ] GC(80) Archive regions: 2->2
[2020-01-10T19:32:54.999+0000][gc,heap      ] GC(80) Humongous regions: 130->130
[2020-01-10T19:32:54.999+0000][gc,metaspace ] GC(80) Metaspace: 35777K->35777K(1081344K)
[2020-01-10T19:32:54.999+0000][gc           ] GC(80) Pause Young (Normal) (G1 Evacuation Pause) 198M->147M(1024M) 8.435ms
[2020-01-10T19:32:54.999+0000][gc,cpu       ] GC(80) User=0.01s Sys=0.00s Real=0.00s
[2020-01-10T19:52:29.991+0000][gc,start     ] GC(81) Pause Young (Normal) (G1 Evacuation Pause)
[2020-01-10T19:52:29.991+0000][gc,task      ] GC(81) Using 1 workers of 1 for evacuation
[2020-01-10T19:52:30.004+0000][gc,phases    ] GC(81)   Pre Evacuate Collection Set: 0.2ms
[2020-01-10T19:52:30.006+0000][gc,phases    ] GC(81)   Evacuate Collection Set: 12.2ms
[2020-01-10T19:52:30.006+0000][gc,phases    ] GC(81)   Post Evacuate Collection Set: 0.4ms
[2020-01-10T19:52:30.006+0000][gc,phases    ] GC(81)   Other: 0.5ms
[2020-01-10T19:52:30.006+0000][gc,heap      ] GC(81) Eden regions: 53->0(55)
[2020-01-10T19:52:30.006+0000][gc,heap      ] GC(81) Survivor regions: 3->3(7)
[2020-01-10T19:52:30.006+0000][gc,heap      ] GC(81) Old regions: 14->14
[2020-01-10T19:52:30.006+0000][gc,heap      ] GC(81) Archive regions: 2->2
[2020-01-10T19:52:30.006+0000][gc,heap      ] GC(81) Humongous regions: 130->130
[2020-01-10T19:52:30.006+0000][gc,metaspace ] GC(81) Metaspace: 35777K->35777K(1081344K)
[2020-01-10T19:52:30.006+0000][gc           ] GC(81) Pause Young (Normal) (G1 Evacuation Pause) 200M->147M(1024M) 14.775ms
[2020-01-10T19:52:30.006+0000][gc,cpu       ] GC(81) User=0.01s Sys=0.00s Real=0.01s
[2020-01-10T20:12:44.512+0000][gc,start     ] GC(82) Pause Young (Normal) (G1 Evacuation Pause)
