[2020-01-10T01:17:03.171+0000][gc,heap] Heap region size: 1M
[2020-01-10T01:17:03.182+0000][gc     ] Using G1
[2020-01-10T01:17:03.182+0000][gc,heap,coops] Heap address: 0x00000000c0000000, size: 1024 MB, Compressed Oops mode: 32-bit
[2020-01-10T01:17:03.182+0000][gc,cds       ] Mark closed archive regions in map: [0x00000000fff00000, 0x00000000fff79ff8]
[2020-01-10T01:17:03.182+0000][gc,cds       ] Mark open archive regions in map: [0x00000000ffe00000, 0x00000000ffe47ff8]
[2020-01-10T01:17:03.194+0000][gc           ] Periodic GC disabled
[2020-01-10T01:17:05.171+0000][gc,start     ] GC(0) Pause Young (Normal) (G1 Evacuation Pause)
[2020-01-10T01:17:05.171+0000][gc,task      ] GC(0) Using 1 workers of 1 for evacuation
[2020-01-10T01:17:05.196+0000][gc,mmu       ] GC(0) MMU target violated: 21.0ms (20.0ms/21.0ms)
[2020-01-10T01:17:05.196+0000][gc,phases    ] GC(0)   Pre Evacuate Collection Set: 0.1ms
[2020-01-10T01:17:05.196+0000][gc,phases    ] GC(0)   Evacuate Collection Set: 23.8ms
[2020-01-10T01:17:05.196+0000][gc,phases    ] GC(0)   Post Evacuate Collection Set: 0.6ms
[2020-01-10T01:17:05.196+0000][gc,phases    ] GC(0)   Other: 0.3ms
[2020-01-10T01:17:05.196+0000][gc,heap      ] GC(0) Eden regions: 51->0(44)
[2020-01-10T01:17:05.196+0000][gc,heap      ] GC(0) Survivor regions: 0->7(7)
[2020-01-10T01:17:05.196+0000][gc,heap      ] GC(0) Old regions: 0->0
[2020-01-10T01:17:05.196+0000][gc,heap      ] GC(0) Archive regions: 2->2
[2020-01-10T01:17:05.196+0000][gc,heap      ] GC(0) Humongous regions: 1->1
[2020-01-10T01:17:05.196+0000][gc,metaspace ] GC(0) Metaspace: 14218K->14218K(1062912K)
[2020-01-10T01:17:05.196+0000][gc           ] GC(0) Pause Young (Normal) (G1 Evacuation Pause) 52M->8M(1024M) 24.839ms
[2020-01-10T01:17:05.196+0000][gc,cpu       ] GC(0) User=0.02s Sys=0.01s Real=0.02s
[2020-01-10T01:17:05.950+0000][gc,start     ] GC(1) Pause Young (Concurrent Start) (Metadata GC Threshold)
[2020-01-10T01:17:05.950+0000][gc,task      ] GC(1) Using 1 workers of 1 for evacuation
[2020-01-10T01:17:05.987+0000][gc,mmu       ] GC(1) MMU target violated: 21.0ms (20.0ms/21.0ms)
[2020-01-10T01:17:05.987+0000][gc,phases    ] GC(1)   Pre Evacuate Collection Set: 0.1ms
[2020-01-10T01:17:05.987+0000][gc,phases    ] GC(1)   Evacuate Collection Set: 35.5ms
[2020-01-10T01:17:05.987+0000][gc,phases    ] GC(1)   Post Evacuate Collection Set: 0.7ms
[2020-01-10T01:17:05.987+0000][gc,phases    ] GC(1)   Other: 0.3ms
[2020-01-10T01:17:05.987+0000][gc,heap      ] GC(1) Eden regions: 30->0(49)
[2020-01-10T01:17:05.987+0000][gc,heap      ] GC(1) Survivor regions: 7->2(7)
[2020-01-10T01:17:05.987+0000][gc,heap      ] GC(1) Old regions: 0->6
[2020-01-10T01:17:05.987+0000][gc,heap      ] GC(1) Archive regions: 2->2
[2020-01-10T01:17:05.987+0000][gc,heap      ] GC(1) Humongous regions: 130->130
[2020-01-10T01:17:05.987+0000][gc,metaspace ] GC(1) Metaspace: 20501K->20501K(1067008K)
[2020-01-10T01:17:05.987+0000][gc           ] GC(1) Pause Young (Concurrent Start) (Metadata GC Threshold) 166M->138M(1024M) 36.630ms
[2020-01-10T01:17:05.987+0000][gc,cpu       ] GC(1) User=0.02s Sys=0.02s Real=0.03s
[2020-01-10T01:17:05.987+0000][gc           ] GC(2) Concurrent Cycle
[2020-01-10T01:17:05.987+0000][gc,marking   ] GC(2) Concurrent Clear Claimed Marks
[2020-01-10T01:17:05.987+0000][gc,marking   ] GC(2) Concurrent Clear Claimed Marks 0.029ms
[2020-01-10T01:17:05.987+0000][gc,marking   ] GC(2) Concurrent Scan Root Regions
[2020-01-10T01:17:05.997+0000][gc,marking   ] GC(2) Concurrent Scan Root Regions 9.584ms
[2020-01-10T01:17:05.997+0000][gc,marking   ] GC(2) Concurrent Mark (2.830s)
[2020-01-10T01:17:05.997+0000][gc,marking   ] GC(2) Concurrent Mark From Roots
[2020-01-10T01:17:05.997+0000][gc,task      ] GC(2) Using 1 workers of 1 for marking
[2020-01-10T01:17:06.002+0000][gc,marking   ] GC(2) Concurrent Mark From Roots 4.971ms
[2020-01-10T01:17:06.002+0000][gc,marking   ] GC(2) Concurrent Preclean
[2020-01-10T01:17:06.002+0000][gc,marking   ] GC(2) Concurrent Preclean 0.031ms
[2020-01-10T01:17:06.002+0000][gc,marking   ] GC(2) Concurrent Mark (2.830s, 2.835s) 5.065ms
[2020-01-10T01:17:06.002+0000][gc,start     ] GC(2) Pause Remark
[2020-01-10T01:17:06.010+0000][gc           ] GC(2) Pause Remark 138M->138M(1024M) 7.371ms
[2020-01-10T01:17:06.010+0000][gc,cpu       ] GC(2) User=0.00s Sys=0.00s Real=0.01s
[2020-01-10T01:17:06.010+0000][gc,marking   ] GC(2) Concurrent Rebuild Remembered Sets
[2020-01-10T01:17:06.017+0000][gc,marking   ] GC(2) Concurrent Rebuild Remembered Sets 6.752ms
[2020-01-10T01:17:06.017+0000][gc,start     ] GC(2) Pause Cleanup
[2020-01-10T01:17:06.017+0000][gc           ] GC(2) Pause Cleanup 139M->139M(1024M) 0.133ms
[2020-01-10T01:17:06.017+0000][gc,cpu       ] GC(2) User=0.00s Sys=0.00s Real=0.00s
[2020-01-10T01:17:06.017+0000][gc,marking   ] GC(2) Concurrent Cleanup for Next Mark
[2020-01-10T01:17:06.105+0000][gc,marking   ] GC(2) Concurrent Cleanup for Next Mark 87.781ms
[2020-01-10T01:17:06.105+0000][gc           ] GC(2) Concurrent Cycle 118.109ms
[2020-01-10T01:17:15.581+0000][gc,start     ] GC(3) Pause Young (Normal) (G1 Evacuation Pause)
[2020-01-10T01:17:15.581+0000][gc,task      ] GC(3) Using 1 workers of 1 for evacuation
[2020-01-10T01:17:15.597+0000][gc,phases    ] GC(3)   Pre Evacuate Collection Set: 0.1ms
[2020-01-10T01:17:15.597+0000][gc,phases    ] GC(3)   Evacuate Collection Set: 15.0ms
[2020-01-10T01:17:15.597+0000][gc,phases    ] GC(3)   Post Evacuate Collection Set: 0.7ms
[2020-01-10T01:17:15.597+0000][gc,phases    ] GC(3)   Other: 0.2ms
[2020-01-10T01:17:15.597+0000][gc,heap      ] GC(3) Eden regions: 49->0(47)
[2020-01-10T01:17:15.597+0000][gc,heap      ] GC(3) Survivor regions: 2->4(7)
[2020-01-10T01:17:15.597+0000][gc,heap      ] GC(3) Old regions: 6->6
[2020-01-10T01:17:15.597+0000][gc,heap      ] GC(3) Archive regions: 2->2
[2020-01-10T01:17:15.597+0000][gc,heap      ] GC(3) Humongous regions: 130->1
[2020-01-10T01:17:15.597+0000][gc,metaspace ] GC(3) Metaspace: 28460K->28460K(1075200K)
[2020-01-10T01:17:15.597+0000][gc           ] GC(3) Pause Young (Normal) (G1 Evacuation Pause) 187M->11M(1024M) 16.081ms
[2020-01-10T01:17:15.598+0000][gc,cpu       ] GC(3) User=0.01s Sys=0.00s Real=0.01s
[2020-01-10T01:17:15.630+0000][gc,heap,exit ] Heap
[2020-01-10T01:17:15.630+0000][gc,heap,exit ]  garbage-first heap   total 1048576K, used 13813K [0x00000000c0000000, 0x0000000100000000)
[2020-01-10T01:17:15.630+0000][gc,heap,exit ]   region size 1024K, 7 young (7168K), 4 survivors (4096K)
[2020-01-10T01:17:15.630+0000][gc,heap,exit ]  Metaspace       used 28496K, capacity 28984K, committed 29568K, reserved 1075200K
[2020-01-10T01:17:15.630+0000][gc,heap,exit ]   class space    used 3661K, capacity 3828K, committed 3968K, reserved 1048576K
