[2020-01-10T01:14:04.866+0000][gc,heap] Heap region size: 1M
[2020-01-10T01:14:04.871+0000][gc     ] Using G1
[2020-01-10T01:14:04.872+0000][gc,heap,coops] Heap address: 0x00000000e0000000, size: 512 MB, Compressed Oops mode: 32-bit
[2020-01-10T01:14:04.872+0000][gc,cds       ] Mark closed archive regions in map: [0x00000000fff00000, 0x00000000fff79ff8]
[2020-01-10T01:14:04.872+0000][gc,cds       ] Mark open archive regions in map: [0x00000000ffe00000, 0x00000000ffe47ff8]
[2020-01-10T01:14:04.883+0000][gc           ] Periodic GC disabled
[2020-01-10T01:14:35.079+0000][gc,heap,exit ] Heap
[2020-01-10T01:14:35.079+0000][gc,heap,exit ]  garbage-first heap   total 524288K, used 23304K [0x00000000e0000000, 0x0000000100000000)
[2020-01-10T01:14:35.079+0000][gc,heap,exit ]   region size 1024K, 23 young (23552K), 0 survivors (0K)
[2020-01-10T01:14:35.079+0000][gc,heap,exit ]  Metaspace       used 7075K, capacity 7346K, committed 7680K, reserved 1056768K
[2020-01-10T01:14:35.079+0000][gc,heap,exit ]   class space    used 791K, capacity 900K, committed 1024K, reserved 1048576K
