[2020-01-10T01:14:44.898+0000][gc,heap] Heap region size: 1M
[2020-01-10T01:14:44.904+0000][gc     ] Using G1
[2020-01-10T01:14:44.904+0000][gc,heap,coops] Heap address: 0x00000000e0000000, size: 512 MB, Compressed Oops mode: 32-bit
[2020-01-10T01:14:44.904+0000][gc,cds       ] Mark closed archive regions in map: [0x00000000fff00000, 0x00000000fff79ff8]
[2020-01-10T01:14:44.904+0000][gc,cds       ] Mark open archive regions in map: [0x00000000ffe00000, 0x00000000ffe47ff8]
[2020-01-10T01:14:44.916+0000][gc           ] Periodic GC disabled
[2020-01-10T01:14:52.088+0000][gc,heap,exit ] Heap
[2020-01-10T01:14:52.088+0000][gc,heap,exit ]  garbage-first heap   total 524288K, used 22280K [0x00000000e0000000, 0x0000000100000000)
[2020-01-10T01:14:52.088+0000][gc,heap,exit ]   region size 1024K, 22 young (22528K), 0 survivors (0K)
[2020-01-10T01:14:52.088+0000][gc,heap,exit ]  Metaspace       used 7079K, capacity 7347K, committed 7680K, reserved 1056768K
[2020-01-10T01:14:52.088+0000][gc,heap,exit ]   class space    used 793K, capacity 900K, committed 1024K, reserved 1048576K
